#
# There is insufficient memory for the Java Runtime Environment to continue.
# Native memory allocation (mmap) failed to map 35127296 bytes. Error detail: committing reserved memory.
# Possible reasons:
#   The system is out of physical RAM or swap space
#   This process is running with CompressedOops enabled, and the Java Heap may be blocking the growth of the native heap
# Possible solutions:
#   Reduce memory load on the system
#   Increase physical memory or swap space
#   Check if swap backing store is full
#   Decrease Java heap size (-Xmx/-Xms)
#   Decrease number of Java threads
#   Decrease Java thread stack sizes (-Xss)
#   Set larger code cache with -XX:ReservedCodeCacheSize=
#   JVM is running with Zero Based Compressed Oops mode in which the Java heap is
#     placed in the first 32GB address space. The Java Heap base address is the
#     maximum limit for the native heap growth. Please use -XX:HeapBaseMinAddress
#     to set the Java Heap base and to place the Java Heap above 32GB virtual address.
# This output file may be truncated or incomplete.
#
#  Out of Memory Error (os_linux.cpp:2832), pid=345, tid=350
#
# JRE version: OpenJDK Runtime Environment (17.0.16+8) (build 17.0.16+8-Debian-1deb12u1)
# Java VM: OpenJDK 64-Bit Server VM (17.0.16+8-Debian-1deb12u1, mixed mode, sharing, tiered, compressed oops, compressed class ptrs, parallel gc, linux-amd64)
# No core dump will be written. Core dumps have been disabled. To enable core dumping, try "ulimit -c unlimited" before starting Java again
#

---------------  S U M M A R Y ------------

Command Line: -XX:+UseParallelGC --add-opens=java.base/java.util=ALL-UNNAMED --add-opens=java.base/java.lang=ALL-UNNAMED --add-opens=java.base/java.lang.invoke=ALL-UNNAMED --add-opens=java.prefs/java.util.prefs=ALL-UNNAMED --add-opens=java.base/java.nio.charset=ALL-UNNAMED --add-opens=java.base/java.net=ALL-UNNAMED --add-opens=java.base/java.util.concurrent.atomic=ALL-UNNAMED -Xmx4096m -Dfile.encoding=UTF-8 -Duser.country -Duser.language=en -Duser.variant -javaagent:/root/.gradle/wrapper/dists/gradle-8.8-bin/dl7vupf4psengwqhwktix4v1/gradle-8.8/lib/agents/gradle-instrumentation-agent-8.8.jar org.gradle.launcher.daemon.bootstrap.GradleDaemon 8.8

Host: Intel(R) Xeon(R) Processor @ 2.50GHz, 2 cores, 1G, Debian GNU/Linux 12 (bookworm)
Time: Fri Aug  7 19:26:05 2026 UTC elapsed time: 74.981481 seconds (0d 0h 1m 14s)

---------------  T H R E A D  ---------------

Current thread (0x00007fa3e40b3a50):  VMThread "VM Thread" [stack: 0x00007fa3cd079000,0x00007fa3cd179000] [id=350]

Stack: [0x00007fa3cd079000,0x00007fa3cd179000],  sp=0x00007fa3cd176ca0,  free space=1015k
Native frames: (J=compiled Java code, j=interpreted, Vv=VM code, C=native code)
V  [libjvm.so+0xf21441]  VMError::report_and_die(int, char const*, char const*, __va_list_tag*, Thread*, unsigned char*, void*, void*, char const*, int, unsigned long)+0x171
V  [libjvm.so+0xf21fad]  VMError::report_and_die(Thread*, char const*, int, unsigned long, VMErrorType, char const*, __va_list_tag*)+0x2d
V  [libjvm.so+0x602fcc]  report_vm_out_of_memory(char const*, int, unsigned long, VMErrorType, char const*, ...)+0xdc
V  [libjvm.so+0xc298ba]  os::pd_commit_memory(char*, unsigned long, unsigned long, bool)+0xda
V  [libjvm.so+0xc2384d]  os::commit_memory(char*, unsigned long, unsigned long, bool)+0x1d
V  [libjvm.so+0xca989b]  PSVirtualSpace::expand_by(unsigned long)+0x4b
V  [libjvm.so+0xcab48b]  PSYoungGen::resize(unsigned long, unsigned long)+0x6b
V  [libjvm.so+0xca7355]  PSScavenge::invoke_no_policy()+0x17a5
V  [libjvm.so+0xca75d4]  PSScavenge::invoke()+0x44
V  [libjvm.so+0xc49c2a]  ParallelScavengeHeap::failed_mem_allocate(unsigned long)+0x2a
V  [libjvm.so+0xca96cb]  VM_ParallelGCFailedAllocation::doit()+0x4b
V  [libjvm.so+0xf26945]  VM_Operation::evaluate()+0xe5
V  [libjvm.so+0xf28235]  VMThread::evaluate_operation(VM_Operation*)+0x105
V  [libjvm.so+0xf287af]  VMThread::inner_execute(VM_Operation*)+0x28f
V  [libjvm.so+0xf289bf]  VMThread::run()+0xbf
V  [libjvm.so+0xea3585]  Thread::call_run()+0xa5
V  [libjvm.so+0xc2c1f3]  thread_native_entry(Thread*)+0xe3

VM_Operation (0x00007fa37a7f34b0): ParallelGCFailedAllocation, mode: safepoint, requested by thread 0x00007fa35000be10


---------------  P R O C E S S  ---------------

Threads class SMR info:
_java_thread_list=0x00007fa3549df7d0, length=29, elements={
0x00007fa3e401a110, 0x00007fa3e40b82b0, 0x00007fa3e40b96c0, 0x00007fa3e40c17e0,
0x00007fa3e40c2b80, 0x00007fa3e40c3f60, 0x00007fa3e40c58e0, 0x00007fa3e40c6de0,
0x00007fa3e40c8220, 0x00007fa3e40f3fe0, 0x00007fa3e41ae930, 0x00007fa3e5212df0,
0x00007fa3e52409d0, 0x00007fa3e52a7310, 0x00007fa34801f9a0, 0x00007fa3500043f0,
0x00007fa350006e10, 0x00007fa35000be10, 0x00007fa35426be50, 0x00007fa35426f1e0,
0x00007fa354271450, 0x00007fa35471e450, 0x00007fa354728aa0, 0x00007fa354746d20,
0x00007fa354dc4c50, 0x00007fa354988b90, 0x00007fa354aed1b0, 0x00007fa3542f2e00,
0x00007fa3549decf0
}

Java Threads: ( => current thread )
  0x00007fa3e401a110 JavaThread "main" [_thread_blocked, id=348, stack(0x00007fa3ea0b2000,0x00007fa3ea1b2000)]
  0x00007fa3e40b82b0 JavaThread "Reference Handler" daemon [_thread_blocked, id=351, stack(0x00007fa3ccf78000,0x00007fa3cd078000)]
  0x00007fa3e40b96c0 JavaThread "Finalizer" daemon [_thread_blocked, id=352, stack(0x00007fa3cce77000,0x00007fa3ccf77000)]
  0x00007fa3e40c17e0 JavaThread "Signal Dispatcher" daemon [_thread_blocked, id=353, stack(0x00007fa3ccd76000,0x00007fa3cce76000)]
  0x00007fa3e40c2b80 JavaThread "Service Thread" daemon [_thread_blocked, id=354, stack(0x00007fa3ccc75000,0x00007fa3ccd75000)]
  0x00007fa3e40c3f60 JavaThread "Monitor Deflation Thread" daemon [_thread_blocked, id=355, stack(0x00007fa3ccb74000,0x00007fa3ccc74000)]
  0x00007fa3e40c58e0 JavaThread "C2 CompilerThread0" daemon [_thread_blocked, id=356, stack(0x00007fa3cca73000,0x00007fa3ccb73000)]
  0x00007fa3e40c6de0 JavaThread "C1 CompilerThread0" daemon [_thread_blocked, id=357, stack(0x00007fa3cc972000,0x00007fa3cca72000)]
  0x00007fa3e40c8220 JavaThread "Sweeper thread" daemon [_thread_blocked, id=358, stack(0x00007fa3cc871000,0x00007fa3cc971000)]
  0x00007fa3e40f3fe0 JavaThread "Common-Cleaner" daemon [_thread_blocked, id=359, stack(0x00007fa3cc770000,0x00007fa3cc870000)]
  0x00007fa3e41ae930 JavaThread "Notification Thread" daemon [_thread_blocked, id=360, stack(0x00007fa3cc66f000,0x00007fa3cc76f000)]
  0x00007fa3e5212df0 JavaThread "Daemon health stats" [_thread_blocked, id=371, stack(0x00007fa3cc100000,0x00007fa3cc200000)]
  0x00007fa3e52409d0 JavaThread "Incoming local TCP Connector on port 39465" [_thread_in_native, id=373, stack(0x00007fa37af00000,0x00007fa37b000000)]
  0x00007fa3e52a7310 JavaThread "Daemon periodic checks" [_thread_blocked, id=374, stack(0x00007fa37ab00000,0x00007fa37ac00000)]
  0x00007fa34801f9a0 JavaThread "Daemon" [_thread_blocked, id=375, stack(0x00007fa37a9ff000,0x00007fa37aaff000)]
  0x00007fa3500043f0 JavaThread "Handler for socket connection from /127.0.0.1:39465 to /127.0.0.1:45124" [_thread_in_native, id=376, stack(0x00007fa37a8fe000,0x00007fa37a9fe000)]
  0x00007fa350006e10 JavaThread "Cancel handler" [_thread_blocked, id=377, stack(0x00007fa37a7fd000,0x00007fa37a8fd000)]
  0x00007fa35000be10 JavaThread "Daemon worker" [_thread_blocked, id=378, stack(0x00007fa37a6fc000,0x00007fa37a7fc000)]
  0x00007fa35426be50 JavaThread "Asynchronous log dispatcher for DefaultDaemonConnection: socket connection from /127.0.0.1:39465 to /127.0.0.1:45124" [_thread_blocked, id=381, stack(0x00007fa37a5fb000,0x00007fa37a6fb000)]
  0x00007fa35426f1e0 JavaThread "Stdin handler" [_thread_blocked, id=382, stack(0x00007fa37a4fa000,0x00007fa37a5fa000)]
  0x00007fa354271450 JavaThread "Daemon client event forwarder" [_thread_blocked, id=383, stack(0x00007fa37a3f9000,0x00007fa37a4f9000)]
  0x00007fa35471e450 JavaThread "Cache worker for journal cache (/root/.gradle/caches/journal-1)" [_thread_blocked, id=387, stack(0x00007fa37a2f8000,0x00007fa37a3f8000)]
  0x00007fa354728aa0 JavaThread "File lock request listener" [_thread_in_native, id=388, stack(0x00007fa37a1f7000,0x00007fa37a2f7000)]
  0x00007fa354746d20 JavaThread "Cache worker for file hash cache (/root/.gradle/caches/8.8/fileHashes)" [_thread_blocked, id=390, stack(0x00007fa37a0f6000,0x00007fa37a1f6000)]
  0x00007fa354dc4c50 JavaThread "Cache worker for file hash cache (/workspace/.gradle/8.8/fileHashes)" [_thread_blocked, id=396, stack(0x00007fa379ff5000,0x00007fa37a0f5000)]
  0x00007fa354988b90 JavaThread "Cache worker for checksums cache (/workspace/.gradle/8.8/checksums)" [_thread_blocked, id=400, stack(0x00007fa379ef4000,0x00007fa379ff4000)]
  0x00007fa354aed1b0 JavaThread "Cache worker for file content cache (/root/.gradle/caches/8.8/fileContent)" [_thread_blocked, id=401, stack(0x00007fa379df3000,0x00007fa379ef3000)]
  0x00007fa3542f2e00 JavaThread "Cache worker for cache directory md-rule (/root/.gradle/caches/8.8/md-rule)" [_thread_blocked, id=402, stack(0x00007fa379cf2000,0x00007fa379df2000)]
  0x00007fa3549decf0 JavaThread "Cache worker for cache directory md-supplier (/root/.gradle/caches/8.8/md-supplier)" [_thread_blocked, id=404, stack(0x00007fa379bf1000,0x00007fa379cf1000)]

Other Threads:
=>0x00007fa3e40b3a50 VMThread "VM Thread" [stack: 0x00007fa3cd079000,0x00007fa3cd179000] [id=350]
  0x00007fa3e41afc20 WatcherThread [stack: 0x00007fa3cc56e000,0x00007fa3cc66e000] [id=361]
  0x00007fa3e4031460 GCTaskThread "GC Thread#0" [stack: 0x00007fa3e958d000,0x00007fa3e968d000] [id=349]
  0x00007fa3740011e0 GCTaskThread "GC Thread#1" [stack: 0x00007fa3cc46d000,0x00007fa3cc56d000] [id=362]

Threads with active compile tasks:
C2 CompilerThread0    75079 5010       4       org.objectweb.asm.ClassReader::readCode (5117 bytes)

VM state: at safepoint (normal execution)

VM Mutex/Monitor currently owned by a thread:  ([mutex/lock_event])
[0x00007fa3e4016f00] Threads_lock - owner thread: 0x00007fa3e40b3a50
[0x00007fa3e40176b0] Heap_lock - owner thread: 0x00007fa35000be10

Heap address: 0x0000000700000000, size: 4096 MB, Compressed Oops mode: Zero based, Oop shift amount: 3

CDS archive(s) mapped at: [0x00007fa37f000000-0x00007fa37fbca000-0x00007fa37fbca000), size 12361728, SharedBaseAddress: 0x00007fa37f000000, ArchiveRelocationMode: 1.
Compressed class space mapped at: 0x00007fa380000000-0x00007fa3c0000000, reserved size: 1073741824
Narrow klass base: 0x00007fa37f000000, Narrow klass shift: 0, Narrow klass range: 0x100000000

GC Precious Log:
 CPUs: 2 total, 2 available
 Memory: 1024M
 Large Page Support: Disabled
 NUMA Support: Disabled
 Compressed Oops: Enabled (Zero based)
 Alignments: Space 512K, Generation 512K, Heap 2M
 Heap Min Capacity: 8M
 Heap Initial Capacity: 16M
 Heap Max Capacity: 4G
 Pre-touch: Disabled
 Parallel Workers: 2

Heap:
 PSYoungGen      total 412160K, used 15475K [0x00000007aab00000, 0x00000007c5900000, 0x0000000800000000)
  eden space 384000K, 0% used [0x00000007aab00000,0x00000007aab00000,0x00000007c2200000)
  from space 28160K, 54% used [0x00000007c2200000,0x00000007c311cc88,0x00000007c3d80000)
  to   space 27136K, 0% used [0x00000007c3d80000,0x00000007c3d80000,0x00000007c5800000)
 ParOldGen       total 37376K, used 33555K [0x0000000700000000, 0x0000000702480000, 0x00000007aab00000)
  object space 37376K, 89% used [0x0000000700000000,0x00000007020c4fc0,0x0000000702480000)
 Metaspace       used 33733K, committed 34176K, reserved 1114112K
  class space    used 4677K, committed 4864K, reserved 1048576K

Card table byte_map: [0x00007fa3e968d000,0x00007fa3e9e8e000] _byte_map_base: 0x00007fa3e5e8d000

Marking Bits: (ParMarkBitMap*) 0x00007fa3eb80f460
 Begin Bits: [0x00007fa3c0000000, 0x00007fa3c4000000)
 End Bits:   [0x00007fa3c4000000, 0x00007fa3c8000000)

Polling page: 0x00007fa3eba4e000

Metaspace:

Usage:
  Non-class:     28.38 MB used.
      Class:      4.57 MB used.
       Both:     32.94 MB used.

Virtual space:
  Non-class space:       64.00 MB reserved,      28.62 MB ( 45%) committed,  1 nodes.
      Class space:        1.00 GB reserved,       4.75 MB ( <1%) committed,  1 nodes.
             Both:        1.06 GB reserved,      33.38 MB (  3%) committed. 

Chunk freelists:
   Non-Class:  3.41 MB
       Class:  11.22 MB
        Both:  14.62 MB

MaxMetaspaceSize: unlimited
CompressedClassSpaceSize: 1.00 GB
Initial GC threshold: 21.00 MB
Current GC threshold: 42.81 MB
CDS: on
MetaspaceReclaimPolicy: balanced
 - commit_granule_bytes: 65536.
 - commit_granule_words: 8192.
 - virtual_space_node_default_size: 8388608.
 - enlarge_chunks_in_place: 1.
 - new_chunks_are_fully_committed: 0.
 - uncommit_free_chunks: 1.
 - use_allocation_guard: 0.
 - handle_deallocations: 1.


Internal statistics:

num_allocs_failed_limit: 3.
num_arena_births: 418.
num_arena_deaths: 0.
num_vsnodes_births: 2.
num_vsnodes_deaths: 0.
num_space_committed: 534.
num_space_uncommitted: 0.
num_chunks_returned_to_freelist: 3.
num_chunks_taken_from_freelist: 1639.
num_chunk_merges: 3.
num_chunk_splits: 1107.
num_chunks_enlarged: 776.
num_inconsistent_stats: 0.

CodeHeap 'non-profiled nmethods': size=120036Kb used=3914Kb max_used=3914Kb free=116121Kb
 bounds [0x00007fa3d5014000, 0x00007fa3d53f4000, 0x00007fa3dc54d000]
CodeHeap 'profiled nmethods': size=120032Kb used=8593Kb max_used=9378Kb free=111439Kb
 bounds [0x00007fa3cd54d000, 0x00007fa3cde7d000, 0x00007fa3d4a85000]
CodeHeap 'non-nmethods': size=5692Kb used=1681Kb max_used=1715Kb free=4010Kb
 bounds [0x00007fa3d4a85000, 0x00007fa3d4cf5000, 0x00007fa3d5014000]
 total_blobs=5170 nmethods=4510 adapters=573
 compilation: enabled
              stopped_count=0, restarted_count=0
 full_count=0

Compilation events (20 events):
Event: 72.381 Thread 0x00007fa3e40c6de0 5362       3       com.google.common.base.Preconditions::checkElementIndex (25 bytes)
Event: 72.381 Thread 0x00007fa3e40c6de0 nmethod 5362 0x00007fa3cd8f8590 code [0x00007fa3cd8f8760, 0x00007fa3cd8f89d0]
Event: 73.159 Thread 0x00007fa3e40c6de0 5369       2       com.google.common.collect.RegularImmutableList::internalArrayEnd (6 bytes)
Event: 73.159 Thread 0x00007fa3e40c6de0 nmethod 5369 0x00007fa3cd8f8210 code [0x00007fa3cd8f83a0, 0x00007fa3cd8f84b0]
Event: 73.179 Thread 0x00007fa3e40c6de0 5370       2       com.google.common.collect.RegularImmutableSortedSet::internalArrayStart (8 bytes)
Event: 73.179 Thread 0x00007fa3e40c6de0 nmethod 5370 0x00007fa3cd8f7c10 code [0x00007fa3cd8f7dc0, 0x00007fa3cd8f7ee0]
Event: 73.179 Thread 0x00007fa3e40c6de0 5371       2       com.google.common.collect.RegularImmutableSortedSet::internalArrayEnd (8 bytes)
Event: 73.179 Thread 0x00007fa3e40c6de0 nmethod 5371 0x00007fa3cd78a790 code [0x00007fa3cd78a940, 0x00007fa3cd78aa60]
Event: 73.240 Thread 0x00007fa3e40c6de0 5372       3       org.gradle.internal.normalization.java.impl.ApiMemberSelector::visitAnnotation (33 bytes)
Event: 73.241 Thread 0x00007fa3e40c6de0 nmethod 5372 0x00007fa3cd789010 code [0x00007fa3cd7892a0, 0x00007fa3cd78a190]
Event: 73.279 Thread 0x00007fa3e40c6de0 5373       2       java.util.LinkedList::toArray (81 bytes)
Event: 73.280 Thread 0x00007fa3e40c6de0 nmethod 5373 0x00007fa3cd788890 code [0x00007fa3cd788a60, 0x00007fa3cd788dd0]
Event: 73.281 Thread 0x00007fa3e40c6de0 5374       2       org.gradle.internal.normalization.java.impl.SortingAnnotationVisitor::visitArray (24 bytes)
Event: 73.281 Thread 0x00007fa3e40c6de0 nmethod 5374 0x00007fa3cd639410 code [0x00007fa3cd6395c0, 0x00007fa3cd639890]
Event: 73.281 Thread 0x00007fa3e40c6de0 5375       3       org.gradle.internal.normalization.java.impl.AnnotationValue::compareTo (9 bytes)
Event: 73.282 Thread 0x00007fa3e40c6de0 nmethod 5375 0x00007fa3cd638790 code [0x00007fa3cd6389a0, 0x00007fa3cd639150]
Event: 73.499 Thread 0x00007fa3e40c6de0 5376       2       java.util.HashMap::values (25 bytes)
Event: 73.500 Thread 0x00007fa3e40c6de0 nmethod 5376 0x00007fa3cd788310 code [0x00007fa3cd7884a0, 0x00007fa3cd788650]
Event: 73.683 Thread 0x00007fa3e40c6de0 5378       3       com.google.common.collect.Ordering$ArbitraryOrdering::compare (81 bytes)
Event: 73.684 Thread 0x00007fa3e40c6de0 nmethod 5378 0x00007fa3cd637b10 code [0x00007fa3cd637d60, 0x00007fa3cd6384c0]

GC Heap History (20 events):
Event: 44.900 GC heap after
{Heap after GC invocations=36 (full 3):
 PSYoungGen      total 242688K, used 11808K [0x00000007aab00000, 0x00000007bbf00000, 0x0000000800000000)
  eden space 229888K, 0% used [0x00000007aab00000,0x00000007aab00000,0x00000007b8b80000)
  from space 12800K, 92% used [0x00000007b8b80000,0x00000007b9708020,0x00000007b9800000)
  to   space 14336K, 0% used [0x00000007bb100000,0x00000007bb100000,0x00000007bbf00000)
 ParOldGen       total 37376K, used 28459K [0x0000000700000000, 0x0000000702480000, 0x00000007aab00000)
  object space 37376K, 76% used [0x0000000700000000,0x0000000701bcafc0,0x0000000702480000)
 Metaspace       used 32537K, committed 32960K, reserved 1114112K
  class space    used 4544K, committed 4736K, reserved 1048576K
}
Event: 46.642 GC heap before
{Heap before GC invocations=37 (full 3):
 PSYoungGen      total 242688K, used 241696K [0x00000007aab00000, 0x00000007bbf00000, 0x0000000800000000)
  eden space 229888K, 100% used [0x00000007aab00000,0x00000007b8b80000,0x00000007b8b80000)
  from space 12800K, 92% used [0x00000007b8b80000,0x00000007b9708020,0x00000007b9800000)
  to   space 14336K, 0% used [0x00000007bb100000,0x00000007bb100000,0x00000007bbf00000)
 ParOldGen       total 37376K, used 28459K [0x0000000700000000, 0x0000000702480000, 0x00000007aab00000)
  object space 37376K, 76% used [0x0000000700000000,0x0000000701bcafc0,0x0000000702480000)
 Metaspace       used 32537K, committed 32960K, reserved 1114112K
  class space    used 4544K, committed 4736K, reserved 1048576K
}
Event: 46.780 GC heap after
{Heap after GC invocations=37 (full 3):
 PSYoungGen      total 267264K, used 12576K [0x00000007aab00000, 0x00000007bc380000, 0x0000000800000000)
  eden space 252928K, 0% used [0x00000007aab00000,0x00000007aab00000,0x00000007ba200000)
  from space 14336K, 87% used [0x00000007bb100000,0x00000007bbd48020,0x00000007bbf00000)
  to   space 15360K, 0% used [0x00000007ba200000,0x00000007ba200000,0x00000007bb100000)
 ParOldGen       total 37376K, used 28931K [0x0000000700000000, 0x0000000702480000, 0x00000007aab00000)
  object space 37376K, 77% used [0x0000000700000000,0x0000000701c40fc0,0x0000000702480000)
 Metaspace       used 32537K, committed 32960K, reserved 1114112K
  class space    used 4544K, committed 4736K, reserved 1048576K
}
Event: 48.583 GC heap before
{Heap before GC invocations=38 (full 3):
 PSYoungGen      total 267264K, used 265504K [0x00000007aab00000, 0x00000007bc380000, 0x0000000800000000)
  eden space 252928K, 100% used [0x00000007aab00000,0x00000007ba200000,0x00000007ba200000)
  from space 14336K, 87% used [0x00000007bb100000,0x00000007bbd48020,0x00000007bbf00000)
  to   space 15360K, 0% used [0x00000007ba200000,0x00000007ba200000,0x00000007bb100000)
 ParOldGen       total 37376K, used 28931K [0x0000000700000000, 0x0000000702480000, 0x00000007aab00000)
  object space 37376K, 77% used [0x0000000700000000,0x0000000701c40fc0,0x0000000702480000)
 Metaspace       used 32541K, committed 32960K, reserved 1114112K
  class space    used 4544K, committed 4736K, reserved 1048576K
}
Event: 48.661 GC heap after
{Heap after GC invocations=38 (full 3):
 PSYoungGen      total 268288K, used 14192K [0x00000007aab00000, 0x00000007bde80000, 0x0000000800000000)
  eden space 252928K, 0% used [0x00000007aab00000,0x00000007aab00000,0x00000007ba200000)
  from space 15360K, 92% used [0x00000007ba200000,0x00000007bafdc030,0x00000007bb100000)
  to   space 16896K, 0% used [0x00000007bce00000,0x00000007bce00000,0x00000007bde80000)
 ParOldGen       total 37376K, used 29123K [0x0000000700000000, 0x0000000702480000, 0x00000007aab00000)
  object space 37376K, 77% used [0x0000000700000000,0x0000000701c70fc0,0x0000000702480000)
 Metaspace       used 32541K, committed 32960K, reserved 1114112K
  class space    used 4544K, committed 4736K, reserved 1048576K
}
Event: 50.321 GC heap before
{Heap before GC invocations=39 (full 3):
 PSYoungGen      total 268288K, used 267120K [0x00000007aab00000, 0x00000007bde80000, 0x0000000800000000)
  eden space 252928K, 100% used [0x00000007aab00000,0x00000007ba200000,0x00000007ba200000)
  from space 15360K, 92% used [0x00000007ba200000,0x00000007bafdc030,0x00000007bb100000)
  to   space 16896K, 0% used [0x00000007bce00000,0x00000007bce00000,0x00000007bde80000)
 ParOldGen       total 37376K, used 29123K [0x0000000700000000, 0x0000000702480000, 0x00000007aab00000)
  object space 37376K, 77% used [0x0000000700000000,0x0000000701c70fc0,0x0000000702480000)
 Metaspace       used 32543K, committed 32960K, reserved 1114112K
  class space    used 4544K, committed 4736K, reserved 1048576K
}
Event: 50.400 GC heap after
{Heap after GC invocations=39 (full 3):
 PSYoungGen      total 295936K, used 15344K [0x00000007aab00000, 0x00000007be280000, 0x0000000800000000)
  eden space 279040K, 0% used [0x00000007aab00000,0x00000007aab00000,0x00000007bbb80000)
  from space 16896K, 90% used [0x00000007bce00000,0x00000007bdcfc030,0x00000007bde80000)
  to   space 18944K, 0% used [0x00000007bbb80000,0x00000007bbb80000,0x00000007bce00000)
 ParOldGen       total 37376K, used 29355K [0x0000000700000000, 0x0000000702480000, 0x00000007aab00000)
  object space 37376K, 78% used [0x0000000700000000,0x0000000701caafc0,0x0000000702480000)
 Metaspace       used 32543K, committed 32960K, reserved 1114112K
  class space    used 4544K, committed 4736K, reserved 1048576K
}
Event: 52.582 GC heap before
{Heap before GC invocations=40 (full 3):
 PSYoungGen      total 295936K, used 294384K [0x00000007aab00000, 0x00000007be280000, 0x0000000800000000)
  eden space 279040K, 100% used [0x00000007aab00000,0x00000007bbb80000,0x00000007bbb80000)
  from space 16896K, 90% used [0x00000007bce00000,0x00000007bdcfc030,0x00000007bde80000)
  to   space 18944K, 0% used [0x00000007bbb80000,0x00000007bbb80000,0x00000007bce00000)
 ParOldGen       total 37376K, used 29355K [0x0000000700000000, 0x0000000702480000, 0x00000007aab00000)
  object space 37376K, 78% used [0x0000000700000000,0x0000000701caafc0,0x0000000702480000)
 Metaspace       used 32548K, committed 32960K, reserved 1114112K
  class space    used 4544K, committed 4736K, reserved 1048576K
}
Event: 52.780 GC heap after
{Heap after GC invocations=40 (full 3):
 PSYoungGen      total 297984K, used 16408K [0x00000007aab00000, 0x00000007c0480000, 0x0000000800000000)
  eden space 279040K, 0% used [0x00000007aab00000,0x00000007aab00000,0x00000007bbb80000)
  from space 18944K, 86% used [0x00000007bbb80000,0x00000007bcb86298,0x00000007bce00000)
  to   space 20480K, 0% used [0x00000007bf080000,0x00000007bf080000,0x00000007c0480000)
 ParOldGen       total 37376K, used 29875K [0x0000000700000000, 0x0000000702480000, 0x00000007aab00000)
  object space 37376K, 79% used [0x0000000700000000,0x0000000701d2cfc0,0x0000000702480000)
 Metaspace       used 32548K, committed 32960K, reserved 1114112K
  class space    used 4544K, committed 4736K, reserved 1048576K
}
Event: 54.883 GC heap before
{Heap before GC invocations=41 (full 3):
 PSYoungGen      total 297984K, used 295448K [0x00000007aab00000, 0x00000007c0480000, 0x0000000800000000)
  eden space 279040K, 100% used [0x00000007aab00000,0x00000007bbb80000,0x00000007bbb80000)
  from space 18944K, 86% used [0x00000007bbb80000,0x00000007bcb86298,0x00000007bce00000)
  to   space 20480K, 0% used [0x00000007bf080000,0x00000007bf080000,0x00000007c0480000)
 ParOldGen       total 37376K, used 29875K [0x0000000700000000, 0x0000000702480000, 0x00000007aab00000)
  object space 37376K, 79% used [0x0000000700000000,0x0000000701d2cfc0,0x0000000702480000)
 Metaspace       used 32552K, committed 32960K, reserved 1114112K
  class space    used 4544K, committed 4736K, reserved 1048576K
}
Event: 54.982 GC heap after
{Heap after GC invocations=41 (full 3):
 PSYoungGen      total 331776K, used 17328K [0x00000007aab00000, 0x00000007c0700000, 0x0000000800000000)
  eden space 311296K, 0% used [0x00000007aab00000,0x00000007aab00000,0x00000007bdb00000)
  from space 20480K, 84% used [0x00000007bf080000,0x00000007c016c030,0x00000007c0480000)
  to   space 22016K, 0% used [0x00000007bdb00000,0x00000007bdb00000,0x00000007bf080000)
 ParOldGen       total 37376K, used 30267K [0x0000000700000000, 0x0000000702480000, 0x00000007aab00000)
  object space 37376K, 80% used [0x0000000700000000,0x0000000701d8efc0,0x0000000702480000)
 Metaspace       used 32552K, committed 32960K, reserved 1114112K
  class space    used 4544K, committed 4736K, reserved 1048576K
}
Event: 57.439 GC heap before
{Heap before GC invocations=42 (full 3):
 PSYoungGen      total 331776K, used 328624K [0x00000007aab00000, 0x00000007c0700000, 0x0000000800000000)
  eden space 311296K, 100% used [0x00000007aab00000,0x00000007bdb00000,0x00000007bdb00000)
  from space 20480K, 84% used [0x00000007bf080000,0x00000007c016c030,0x00000007c0480000)
  to   space 22016K, 0% used [0x00000007bdb00000,0x00000007bdb00000,0x00000007bf080000)
 ParOldGen       total 37376K, used 30267K [0x0000000700000000, 0x0000000702480000, 0x00000007aab00000)
  object space 37376K, 80% used [0x0000000700000000,0x0000000701d8efc0,0x0000000702480000)
 Metaspace       used 32572K, committed 32960K, reserved 1114112K
  class space    used 4544K, committed 4736K, reserved 1048576K
}
Event: 57.620 GC heap after
{Heap after GC invocations=42 (full 3):
 PSYoungGen      total 333312K, used 18112K [0x00000007aab00000, 0x00000007c2f00000, 0x0000000800000000)
  eden space 311296K, 0% used [0x00000007aab00000,0x00000007aab00000,0x00000007bdb00000)
  from space 22016K, 82% used [0x00000007bdb00000,0x00000007becb0020,0x00000007bf080000)
  to   space 24064K, 0% used [0x00000007c1780000,0x00000007c1780000,0x00000007c2f00000)
 ParOldGen       total 37376K, used 31171K [0x0000000700000000, 0x0000000702480000, 0x00000007aab00000)
  object space 37376K, 83% used [0x0000000700000000,0x0000000701e70fc0,0x0000000702480000)
 Metaspace       used 32572K, committed 32960K, reserved 1114112K
  class space    used 4544K, committed 4736K, reserved 1048576K
}
Event: 60.002 GC heap before
{Heap before GC invocations=43 (full 3):
 PSYoungGen      total 333312K, used 329408K [0x00000007aab00000, 0x00000007c2f00000, 0x0000000800000000)
  eden space 311296K, 100% used [0x00000007aab00000,0x00000007bdb00000,0x00000007bdb00000)
  from space 22016K, 82% used [0x00000007bdb00000,0x00000007becb0020,0x00000007bf080000)
  to   space 24064K, 0% used [0x00000007c1780000,0x00000007c1780000,0x00000007c2f00000)
 ParOldGen       total 37376K, used 31171K [0x0000000700000000, 0x0000000702480000, 0x00000007aab00000)
  object space 37376K, 83% used [0x0000000700000000,0x0000000701e70fc0,0x0000000702480000)
 Metaspace       used 32592K, committed 32960K, reserved 1114112K
  class space    used 4544K, committed 4736K, reserved 1048576K
}
Event: 60.144 GC heap after
{Heap after GC invocations=43 (full 3):
 PSYoungGen      total 371712K, used 19120K [0x00000007aab00000, 0x00000007c3200000, 0x0000000800000000)
  eden space 347648K, 0% used [0x00000007aab00000,0x00000007aab00000,0x00000007bfe80000)
  from space 24064K, 79% used [0x00000007c1780000,0x00000007c2a2c030,0x00000007c2f00000)
  to   space 25600K, 0% used [0x00000007bfe80000,0x00000007bfe80000,0x00000007c1780000)
 ParOldGen       total 37376K, used 31923K [0x0000000700000000, 0x0000000702480000, 0x00000007aab00000)
  object space 37376K, 85% used [0x0000000700000000,0x0000000701f2cfc0,0x0000000702480000)
 Metaspace       used 32592K, committed 32960K, reserved 1114112K
  class space    used 4544K, committed 4736K, reserved 1048576K
}
Event: 62.801 GC heap before
{Heap before GC invocations=44 (full 3):
 PSYoungGen      total 371712K, used 366768K [0x00000007aab00000, 0x00000007c3200000, 0x0000000800000000)
  eden space 347648K, 100% used [0x00000007aab00000,0x00000007bfe80000,0x00000007bfe80000)
  from space 24064K, 79% used [0x00000007c1780000,0x00000007c2a2c030,0x00000007c2f00000)
  to   space 25600K, 0% used [0x00000007bfe80000,0x00000007bfe80000,0x00000007c1780000)
 ParOldGen       total 37376K, used 31923K [0x0000000700000000, 0x0000000702480000, 0x00000007aab00000)
  object space 37376K, 85% used [0x0000000700000000,0x0000000701f2cfc0,0x0000000702480000)
 Metaspace       used 32593K, committed 32960K, reserved 1114112K
  class space    used 4544K, committed 4736K, reserved 1048576K
}
Event: 62.961 GC heap after
{Heap after GC invocations=44 (full 3):
 PSYoungGen      total 373248K, used 19824K [0x00000007aab00000, 0x00000007c5800000, 0x0000000800000000)
  eden space 347648K, 0% used [0x00000007aab00000,0x00000007aab00000,0x00000007bfe80000)
  from space 25600K, 77% used [0x00000007bfe80000,0x00000007c11dc030,0x00000007c1780000)
  to   space 27136K, 0% used [0x00000007c3d80000,0x00000007c3d80000,0x00000007c5800000)
 ParOldGen       total 37376K, used 32755K [0x0000000700000000, 0x0000000702480000, 0x00000007aab00000)
  object space 37376K, 87% used [0x0000000700000000,0x0000000701ffcfc0,0x0000000702480000)
 Metaspace       used 32593K, committed 32960K, reserved 1114112K
  class space    used 4544K, committed 4736K, reserved 1048576K
}
Event: 65.706 GC heap before
{Heap before GC invocations=45 (full 3):
 PSYoungGen      total 373248K, used 367472K [0x00000007aab00000, 0x00000007c5800000, 0x0000000800000000)
  eden space 347648K, 100% used [0x00000007aab00000,0x00000007bfe80000,0x00000007bfe80000)
  from space 25600K, 77% used [0x00000007bfe80000,0x00000007c11dc030,0x00000007c1780000)
  to   space 27136K, 0% used [0x00000007c3d80000,0x00000007c3d80000,0x00000007c5800000)
 ParOldGen       total 37376K, used 32755K [0x0000000700000000, 0x0000000702480000, 0x00000007aab00000)
  object space 37376K, 87% used [0x0000000700000000,0x0000000701ffcfc0,0x0000000702480000)
 Metaspace       used 32605K, committed 32960K, reserved 1114112K
  class space    used 4544K, committed 4736K, reserved 1048576K
}
Event: 65.825 GC heap after
{Heap after GC invocations=45 (full 3):
 PSYoungGen      total 411136K, used 20597K [0x00000007aab00000, 0x00000007c5900000, 0x0000000800000000)
  eden space 384000K, 0% used [0x00000007aab00000,0x00000007aab00000,0x00000007c2200000)
  from space 27136K, 75% used [0x00000007c3d80000,0x00000007c519d468,0x00000007c5800000)
  to   space 28160K, 0% used [0x00000007c2200000,0x00000007c2200000,0x00000007c3d80000)
 ParOldGen       total 37376K, used 33387K [0x0000000700000000, 0x0000000702480000, 0x00000007aab00000)
  object space 37376K, 89% used [0x0000000700000000,0x000000070209afc0,0x0000000702480000)
 Metaspace       used 32605K, committed 32960K, reserved 1114112K
  class space    used 4544K, committed 4736K, reserved 1048576K
}
Event: 74.844 GC heap before
{Heap before GC invocations=46 (full 3):
 PSYoungGen      total 411136K, used 404597K [0x00000007aab00000, 0x00000007c5900000, 0x0000000800000000)
  eden space 384000K, 100% used [0x00000007aab00000,0x00000007c2200000,0x00000007c2200000)
  from space 27136K, 75% used [0x00000007c3d80000,0x00000007c519d468,0x00000007c5800000)
  to   space 28160K, 0% used [0x00000007c2200000,0x00000007c2200000,0x00000007c3d80000)
 ParOldGen       total 37376K, used 33387K [0x0000000700000000, 0x0000000702480000, 0x00000007aab00000)
  object space 37376K, 89% used [0x0000000700000000,0x000000070209afc0,0x0000000702480000)
 Metaspace       used 33733K, committed 34176K, reserved 1114112K
  class space    used 4677K, committed 4864K, reserved 1048576K
}

Dll operation events (14 events):
Event: 0.006 Loaded shared library /usr/lib/jvm/java-17-openjdk-amd64/lib/libjava.so
Event: 0.060 Loaded shared library /usr/lib/jvm/java-17-openjdk-amd64/lib/libjsvml.so
Event: 0.200 Loaded shared library /usr/lib/jvm/java-17-openjdk-amd64/lib/libzip.so
Event: 0.202 Loaded shared library /usr/lib/jvm/java-17-openjdk-amd64/lib/libinstrument.so
Event: 0.204 Loaded shared library /usr/lib/jvm/java-17-openjdk-amd64/lib/libnio.so
Event: 0.223 Loaded shared library /usr/lib/jvm/java-17-openjdk-amd64/lib/libzip.so
Event: 0.660 Loaded shared library /usr/lib/jvm/java-17-openjdk-amd64/lib/libjimage.so
Event: 1.060 Loaded shared library /usr/lib/jvm/java-17-openjdk-amd64/lib/libverify.so
Event: 1.723 Loaded shared library /usr/lib/jvm/java-17-openjdk-amd64/lib/libnet.so
Event: 1.724 Loaded shared library /root/.gradle/native/c067742578af261105cb4f569cf0c3c89f3d7b1fecec35dd04571415982c5e48/linux-amd64/libnative-platform.so
Event: 1.781 Loaded shared library /root/.gradle/native/100fb08df4bc3b14c8652ba06237920a3bd2aa13389f12d3474272988ae205f9/linux-amd64/libnative-platform-file-events.so
Event: 4.380 Loaded shared library /usr/lib/jvm/java-17-openjdk-amd64/lib/libmanagement.so
Event: 4.382 Loaded shared library /usr/lib/jvm/java-17-openjdk-amd64/lib/libmanagement_ext.so
Event: 4.802 Loaded shared library /usr/lib/jvm/java-17-openjdk-amd64/lib/libextnet.so

Deoptimization events (20 events):
Event: 74.481 Thread 0x00007fa35000be10 DEOPT PACKING pc=0x00007fa3cde55020 sp=0x00007fa37a7f38d0
Event: 74.481 Thread 0x00007fa35000be10 DEOPT UNPACKING pc=0x00007fa3d4adf34f sp=0x00007fa37a7f3020 mode 0
Event: 74.542 Thread 0x00007fa35000be10 DEOPT PACKING pc=0x00007fa3cde55020 sp=0x00007fa37a7f38d0
Event: 74.542 Thread 0x00007fa35000be10 DEOPT UNPACKING pc=0x00007fa3d4adf34f sp=0x00007fa37a7f3020 mode 0
Event: 74.582 Thread 0x00007fa35000be10 DEOPT PACKING pc=0x00007fa3cde55020 sp=0x00007fa37a7f38d0
Event: 74.582 Thread 0x00007fa35000be10 DEOPT UNPACKING pc=0x00007fa3d4adf34f sp=0x00007fa37a7f3020 mode 0
Event: 74.601 Thread 0x00007fa35000be10 DEOPT PACKING pc=0x00007fa3cde55020 sp=0x00007fa37a7f38d0
Event: 74.601 Thread 0x00007fa35000be10 DEOPT UNPACKING pc=0x00007fa3d4adf34f sp=0x00007fa37a7f3020 mode 0
Event: 74.624 Thread 0x00007fa35000be10 DEOPT PACKING pc=0x00007fa3cde55020 sp=0x00007fa37a7f38d0
Event: 74.624 Thread 0x00007fa35000be10 DEOPT UNPACKING pc=0x00007fa3d4adf34f sp=0x00007fa37a7f3020 mode 0
Event: 74.662 Thread 0x00007fa35000be10 DEOPT PACKING pc=0x00007fa3cde55020 sp=0x00007fa37a7f38d0
Event: 74.662 Thread 0x00007fa35000be10 DEOPT UNPACKING pc=0x00007fa3d4adf34f sp=0x00007fa37a7f3020 mode 0
Event: 74.681 Thread 0x00007fa35000be10 DEOPT PACKING pc=0x00007fa3cde55020 sp=0x00007fa37a7f38d0
Event: 74.681 Thread 0x00007fa35000be10 DEOPT UNPACKING pc=0x00007fa3d4adf34f sp=0x00007fa37a7f3020 mode 0
Event: 74.701 Thread 0x00007fa35000be10 DEOPT PACKING pc=0x00007fa3cde55020 sp=0x00007fa37a7f38d0
Event: 74.701 Thread 0x00007fa35000be10 DEOPT UNPACKING pc=0x00007fa3d4adf34f sp=0x00007fa37a7f3020 mode 0
Event: 74.725 Thread 0x00007fa35000be10 DEOPT PACKING pc=0x00007fa3cde55020 sp=0x00007fa37a7f38d0
Event: 74.725 Thread 0x00007fa35000be10 DEOPT UNPACKING pc=0x00007fa3d4adf34f sp=0x00007fa37a7f3020 mode 0
Event: 74.823 Thread 0x00007fa35000be10 DEOPT PACKING pc=0x00007fa3cde55020 sp=0x00007fa37a7f38d0
Event: 74.823 Thread 0x00007fa35000be10 DEOPT UNPACKING pc=0x00007fa3d4adf34f sp=0x00007fa37a7f3020 mode 0

Classes loaded (20 events):
Event: 15.959 Loading class java/util/Collections$UnmodifiableSortedMap
Event: 15.959 Loading class java/util/Collections$UnmodifiableSortedMap done
Event: 15.960 Loading class java/util/zip/Deflater
Event: 15.960 Loading class java/util/zip/Deflater done
Event: 15.961 Loading class java/util/zip/Deflater$DeflaterZStreamRef
Event: 15.961 Loading class java/util/zip/Deflater$DeflaterZStreamRef done
Event: 16.125 Loading class java/nio/StringCharBuffer
Event: 16.139 Loading class java/nio/StringCharBuffer done
Event: 28.323 Loading class java/util/regex/Pattern$Caret
Event: 28.341 Loading class java/util/regex/Pattern$Caret done
Event: 38.661 Loading class jdk/internal/access/foreign/MemorySegmentProxy
Event: 38.661 Loading class jdk/internal/access/foreign/MemorySegmentProxy done
Event: 66.139 Loading class java/nio/file/StandardCopyOption
Event: 66.141 Loading class java/nio/file/StandardCopyOption done
Event: 66.142 Loading class sun/nio/fs/UnixCopyFile
Event: 66.160 Loading class sun/nio/fs/UnixCopyFile done
Event: 66.161 Loading class sun/nio/fs/UnixCopyFile$Flags
Event: 66.161 Loading class sun/nio/fs/UnixCopyFile$Flags done
Event: 69.063 Loading class java/nio/charset/CharacterCodingException
Event: 69.064 Loading class java/nio/charset/CharacterCodingException done

Classes unloaded (0 events):
No events

Classes redefined (0 events):
No events

Internal exceptions (20 events):
Event: 66.485 Thread 0x00007fa35000be10 Exception <a 'java/lang/NoSuchMethodError'{0x00000007ac9a0900}: 'java.lang.Object java.lang.invoke.Invokers$Holder.linkToTargetMethod(java.lang.Object, long, java.lang.Object)'> (0x00000007ac9a0900) 
thrown [./src/hotspot/share/interpreter/linkResolver.cpp, line 758]
Event: 69.601 Thread 0x00007fa35000be10 Implicit null exception at 0x00007fa3d53ba4b1 to 0x00007fa3d53ba8b4
Event: 69.622 Thread 0x00007fa35000be10 Implicit null exception at 0x00007fa3d50f6d06 to 0x00007fa3d50f75b8
Event: 69.640 Thread 0x00007fa35000be10 Implicit null exception at 0x00007fa3d527f070 to 0x00007fa3d527f0f9
Event: 69.640 Thread 0x00007fa35000be10 Implicit null exception at 0x00007fa3d537fba0 to 0x00007fa3d5380e4c
Event: 69.640 Thread 0x00007fa35000be10 Implicit null exception at 0x00007fa3d5243732 to 0x00007fa3d52472a0
Event: 69.640 Thread 0x00007fa35000be10 Implicit null exception at 0x00007fa3d5238ff3 to 0x00007fa3d5239724
Event: 69.640 Thread 0x00007fa35000be10 Implicit null exception at 0x00007fa3d527f490 to 0x00007fa3d527f604
Event: 69.640 Thread 0x00007fa35000be10 Implicit null exception at 0x00007fa3d527e3f0 to 0x00007fa3d527e479
Event: 69.640 Thread 0x00007fa35000be10 Implicit null exception at 0x00007fa3d506efb3 to 0x00007fa3d5070894
Event: 69.640 Thread 0x00007fa35000be10 Implicit null exception at 0x00007fa3d52700c1 to 0x00007fa3d5272354
Event: 69.641 Thread 0x00007fa35000be10 Implicit null exception at 0x00007fa3d52386f0 to 0x00007fa3d52387ac
Event: 69.641 Thread 0x00007fa35000be10 Implicit null exception at 0x00007fa3d5276970 to 0x00007fa3d5276a34
Event: 69.641 Thread 0x00007fa35000be10 Implicit null exception at 0x00007fa3d51f27a0 to 0x00007fa3d51f36f8
Event: 69.641 Thread 0x00007fa35000be10 Implicit null exception at 0x00007fa3d510f740 to 0x00007fa3d5117a58
Event: 69.641 Thread 0x00007fa35000be10 Implicit null exception at 0x00007fa3d53b51c1 to 0x00007fa3d53b6438
Event: 69.641 Thread 0x00007fa35000be10 Implicit null exception at 0x00007fa3d5316750 to 0x00007fa3d531678c
Event: 69.725 Thread 0x00007fa35000be10 Implicit null exception at 0x00007fa3d502aad0 to 0x00007fa3d502ab0c
Event: 69.783 Thread 0x00007fa35000be10 Implicit null exception at 0x00007fa3d53b4c50 to 0x00007fa3d53b4d34
Event: 69.801 Thread 0x00007fa35000be10 Implicit null exception at 0x00007fa3d503eb40 to 0x00007fa3d503fdfc

VM Operations (20 events):
Event: 67.562 Executing VM operation: Cleanup done
Event: 68.562 Executing VM operation: Cleanup
Event: 68.562 Executing VM operation: Cleanup done
Event: 69.562 Executing VM operation: Cleanup
Event: 69.579 Executing VM operation: Cleanup done
Event: 69.584 Executing VM operation: HandshakeAllThreads
Event: 69.584 Executing VM operation: HandshakeAllThreads done
Event: 69.642 Executing VM operation: HandshakeAllThreads
Event: 69.642 Executing VM operation: HandshakeAllThreads done
Event: 70.200 Executing VM operation: ICBufferFull
Event: 70.200 Executing VM operation: ICBufferFull done
Event: 71.200 Executing VM operation: Cleanup
Event: 71.200 Executing VM operation: Cleanup done
Event: 72.200 Executing VM operation: Cleanup
Event: 72.201 Executing VM operation: Cleanup done
Event: 73.201 Executing VM operation: Cleanup
Event: 73.201 Executing VM operation: Cleanup done
Event: 74.201 Executing VM operation: Cleanup
Event: 74.201 Executing VM operation: Cleanup done
Event: 74.843 Executing VM operation: ParallelGCFailedAllocation

Memory protections (20 events):
Event: 0.121 Protecting memory [0x00007fa3cc770000,0x00007fa3cc774000] with protection modes 0
Event: 0.245 Protecting memory [0x00007fa3cc66f000,0x00007fa3cc673000] with protection modes 0
Event: 4.500 Protecting memory [0x00007fa3cc100000,0x00007fa3cc104000] with protection modes 0
Event: 4.844 Protecting memory [0x00007fa37af00000,0x00007fa37af04000] with protection modes 0
Event: 5.062 Protecting memory [0x00007fa37ab00000,0x00007fa37ab04000] with protection modes 0
Event: 5.163 Protecting memory [0x00007fa37a9ff000,0x00007fa37aa03000] with protection modes 0
Event: 5.183 Protecting memory [0x00007fa37a8fe000,0x00007fa37a902000] with protection modes 0
Event: 5.225 Protecting memory [0x00007fa37a7fd000,0x00007fa37a801000] with protection modes 0
Event: 5.243 Protecting memory [0x00007fa37a6fc000,0x00007fa37a700000] with protection modes 0
Event: 5.265 Protecting memory [0x00007fa37a5fb000,0x00007fa37a5ff000] with protection modes 0
Event: 5.281 Protecting memory [0x00007fa37a4fa000,0x00007fa37a4fe000] with protection modes 0
Event: 5.284 Protecting memory [0x00007fa37a3f9000,0x00007fa37a3fd000] with protection modes 0
Event: 6.704 Protecting memory [0x00007fa37a2f8000,0x00007fa37a2fc000] with protection modes 0
Event: 6.800 Protecting memory [0x00007fa37a1f7000,0x00007fa37a1fb000] with protection modes 0
Event: 7.020 Protecting memory [0x00007fa37a0f6000,0x00007fa37a0fa000] with protection modes 0
Event: 9.839 Protecting memory [0x00007fa379ff5000,0x00007fa379ff9000] with protection modes 0
Event: 11.388 Protecting memory [0x00007fa379ef4000,0x00007fa379ef8000] with protection modes 0
Event: 11.464 Protecting memory [0x00007fa379df3000,0x00007fa379df7000] with protection modes 0
Event: 11.800 Protecting memory [0x00007fa379cf2000,0x00007fa379cf6000] with protection modes 0
Event: 12.359 Protecting memory [0x00007fa379bf1000,0x00007fa379bf5000] with protection modes 0

Nmethod flushes (20 events):
Event: 40.180 Thread 0x00007fa3e40c8220 flushing  nmethod 0x00007fa3cdd40a90
Event: 40.180 Thread 0x00007fa3e40c8220 flushing  nmethod 0x00007fa3cdd40f90
Event: 40.180 Thread 0x00007fa3e40c8220 flushing  nmethod 0x00007fa3cdd41a90
Event: 40.180 Thread 0x00007fa3e40c8220 flushing  nmethod 0x00007fa3cdd42390
Event: 40.180 Thread 0x00007fa3e40c8220 flushing  nmethod 0x00007fa3cdd43490
Event: 40.180 Thread 0x00007fa3e40c8220 flushing  nmethod 0x00007fa3cdd50690
Event: 40.180 Thread 0x00007fa3e40c8220 flushing  nmethod 0x00007fa3cdd52a90
Event: 40.180 Thread 0x00007fa3e40c8220 flushing  nmethod 0x00007fa3cdd53f10
Event: 40.180 Thread 0x00007fa3e40c8220 flushing  nmethod 0x00007fa3cdd58110
Event: 40.180 Thread 0x00007fa3e40c8220 flushing  nmethod 0x00007fa3cdd5cf90
Event: 40.180 Thread 0x00007fa3e40c8220 flushing  nmethod 0x00007fa3cdd6b890
Event: 40.180 Thread 0x00007fa3e40c8220 flushing  nmethod 0x00007fa3cdd8a810
Event: 40.180 Thread 0x00007fa3e40c8220 flushing  nmethod 0x00007fa3cddd4c90
Event: 40.180 Thread 0x00007fa3e40c8220 flushing  nmethod 0x00007fa3cddddf10
Event: 40.180 Thread 0x00007fa3e40c8220 flushing  nmethod 0x00007fa3cddf8310
Event: 40.180 Thread 0x00007fa3e40c8220 flushing  nmethod 0x00007fa3cddf8e10
Event: 40.181 Thread 0x00007fa3e40c8220 flushing  nmethod 0x00007fa3cde45010
Event: 40.181 Thread 0x00007fa3e40c8220 flushing  nmethod 0x00007fa3cde66010
Event: 69.663 Thread 0x00007fa3e40c8220 flushing  nmethod 0x00007fa3cda25990
Event: 69.680 Thread 0x00007fa3e40c8220 flushing  nmethod 0x00007fa3cdb52a10

Events (20 events):
Event: 0.121 Thread 0x00007fa3e401a110 Thread added: 0x00007fa3e40f3fe0
Event: 0.245 Thread 0x00007fa3e401a110 Thread added: 0x00007fa3e41ae930
Event: 4.483 Thread 0x00007fa3e401a110 Thread added: 0x00007fa3e5212df0
Event: 4.843 Thread 0x00007fa3e401a110 Thread added: 0x00007fa3e52409d0
Event: 5.024 Thread 0x00007fa3e401a110 Thread added: 0x00007fa3e52a7310
Event: 5.163 Thread 0x00007fa3e52409d0 Thread added: 0x00007fa34801f9a0
Event: 5.183 Thread 0x00007fa34801f9a0 Thread added: 0x00007fa3500043f0
Event: 5.225 Thread 0x00007fa34801f9a0 Thread added: 0x00007fa350006e10
Event: 5.243 Thread 0x00007fa34801f9a0 Thread added: 0x00007fa35000be10
Event: 5.264 Thread 0x00007fa35000be10 Thread added: 0x00007fa35426be50
Event: 5.281 Thread 0x00007fa35000be10 Thread added: 0x00007fa35426f1e0
Event: 5.284 Thread 0x00007fa35000be10 Thread added: 0x00007fa354271450
Event: 6.664 Thread 0x00007fa35000be10 Thread added: 0x00007fa35471e450
Event: 6.761 Thread 0x00007fa35000be10 Thread added: 0x00007fa354728aa0
Event: 6.983 Thread 0x00007fa35000be10 Thread added: 0x00007fa354746d20
Event: 9.805 Thread 0x00007fa35000be10 Thread added: 0x00007fa354dc4c50
Event: 11.388 Thread 0x00007fa35000be10 Thread added: 0x00007fa354988b90
Event: 11.464 Thread 0x00007fa35000be10 Thread added: 0x00007fa354aed1b0
Event: 11.799 Thread 0x00007fa35000be10 Thread added: 0x00007fa3542f2e00
Event: 12.325 Thread 0x00007fa35000be10 Thread added: 0x00007fa3549decf0


Dynamic libraries:
700000000-702480000 rw-p 00000000 00:00 0 
702480000-7aab00000 ---p 00000000 00:00 0 
7aab00000-7c5900000 rw-p 00000000 00:00 0 
7c7a80000-800000000 ---p 00000000 00:00 0 
55b3eb3cc000-55b3eb3cd000 r--p 00000000 00:25 13485                      /usr/lib/jvm/java-17-openjdk-amd64/bin/java
55b3eb3cd000-55b3eb3ce000 r-xp 00001000 00:25 13485                      /usr/lib/jvm/java-17-openjdk-amd64/bin/java
55b3eb3ce000-55b3eb3cf000 r--p 00002000 00:25 13485                      /usr/lib/jvm/java-17-openjdk-amd64/bin/java
55b3eb3cf000-55b3eb3d0000 r--p 00002000 00:25 13485                      /usr/lib/jvm/java-17-openjdk-amd64/bin/java
55b3eb3d0000-55b3eb3d1000 rw-p 00003000 00:25 13485                      /usr/lib/jvm/java-17-openjdk-amd64/bin/java
55b3ec0a2000-55b3ec0e9000 rw-p 00000000 00:00 0                          [heap]
7fa33c000000-7fa33d2e8000 rw-p 00000000 00:00 0 
7fa33d2e8000-7fa340000000 ---p 00000000 00:00 0 
7fa344000000-7fa344021000 rw-p 00000000 00:00 0 
7fa344021000-7fa348000000 ---p 00000000 00:00 0 
7fa348000000-7fa34805d000 rw-p 00000000 00:00 0 
7fa34805d000-7fa34c000000 ---p 00000000 00:00 0 
7fa34c000000-7fa34c022000 rw-p 00000000 00:00 0 
7fa34c022000-7fa350000000 ---p 00000000 00:00 0 
7fa350000000-7fa350021000 rw-p 00000000 00:00 0 
7fa350021000-7fa354000000 ---p 00000000 00:00 0 
7fa354000000-7fa3551e4000 rw-p 00000000 00:00 0 
7fa3551e4000-7fa358000000 ---p 00000000 00:00 0 
7fa358000000-7fa358021000 rw-p 00000000 00:00 0 
7fa358021000-7fa35c000000 ---p 00000000 00:00 0 
7fa35c000000-7fa35c021000 rw-p 00000000 00:00 0 
7fa35c021000-7fa360000000 ---p 00000000 00:00 0 
7fa360000000-7fa363ffe000 rw-p 00000000 00:00 0 
7fa363ffe000-7fa364000000 ---p 00000000 00:00 0 
7fa364000000-7fa364021000 rw-p 00000000 00:00 0 
7fa364021000-7fa368000000 ---p 00000000 00:00 0 
7fa368000000-7fa368021000 rw-p 00000000 00:00 0 
7fa368021000-7fa36c000000 ---p 00000000 00:00 0 
7fa36c000000-7fa36c021000 rw-p 00000000 00:00 0 
7fa36c021000-7fa370000000 ---p 00000000 00:00 0 
7fa370000000-7fa370021000 rw-p 00000000 00:00 0 
7fa370021000-7fa374000000 ---p 00000000 00:00 0 
7fa374000000-7fa3743eb000 rw-p 00000000 00:00 0 
7fa3743eb000-7fa378000000 ---p 00000000 00:00 0 
7fa379bf0000-7fa379bf1000 ---p 00000000 00:00 0 
7fa379bf1000-7fa379bf5000 ---p 00000000 00:00 0 
7fa379bf5000-7fa379cf1000 rw-p 00000000 00:00 0 
7fa379cf1000-7fa379cf2000 ---p 00000000 00:00 0 
7fa379cf2000-7fa379cf6000 ---p 00000000 00:00 0 
7fa379cf6000-7fa379df2000 rw-p 00000000 00:00 0 
7fa379df2000-7fa379df3000 ---p 00000000 00:00 0 
7fa379df3000-7fa379df7000 ---p 00000000 00:00 0 
7fa379df7000-7fa379ef3000 rw-p 00000000 00:00 0 
7fa379ef3000-7fa379ef4000 ---p 00000000 00:00 0 
7fa379ef4000-7fa379ef8000 ---p 00000000 00:00 0 
7fa379ef8000-7fa379ff4000 rw-p 00000000 00:00 0 
7fa379ff4000-7fa379ff5000 ---p 00000000 00:00 0 
7fa379ff5000-7fa379ff9000 ---p 00000000 00:00 0 
7fa379ff9000-7fa37a0f5000 rw-p 00000000 00:00 0 
7fa37a0f5000-7fa37a0f6000 ---p 00000000 00:00 0 
7fa37a0f6000-7fa37a0fa000 ---p 00000000 00:00 0 
7fa37a0fa000-7fa37a1f6000 rw-p 00000000 00:00 0 
7fa37a1f6000-7fa37a1f7000 ---p 00000000 00:00 0 
7fa37a1f7000-7fa37a1fb000 ---p 00000000 00:00 0 
7fa37a1fb000-7fa37a2f7000 rw-p 00000000 00:00 0 
7fa37a2f7000-7fa37a2f8000 ---p 00000000 00:00 0 
7fa37a2f8000-7fa37a2fc000 ---p 00000000 00:00 0 
7fa37a2fc000-7fa37a3f8000 rw-p 00000000 00:00 0 
7fa37a3f8000-7fa37a3f9000 ---p 00000000 00:00 0 
7fa37a3f9000-7fa37a3fd000 ---p 00000000 00:00 0 
7fa37a3fd000-7fa37a4f9000 rw-p 00000000 00:00 0 
7fa37a4f9000-7fa37a4fa000 ---p 00000000 00:00 0 
7fa37a4fa000-7fa37a4fe000 ---p 00000000 00:00 0 
7fa37a4fe000-7fa37a5fa000 rw-p 00000000 00:00 0 
7fa37a5fa000-7fa37a5fb000 ---p 00000000 00:00 0 
7fa37a5fb000-7fa37a5ff000 ---p 00000000 00:00 0 
7fa37a5ff000-7fa37a6fb000 rw-p 00000000 00:00 0 
7fa37a6fb000-7fa37a6fc000 ---p 00000000 00:00 0 
7fa37a6fc000-7fa37a700000 ---p 00000000 00:00 0 
7fa37a700000-7fa37a7fc000 rw-p 00000000 00:00 0 
7fa37a7fc000-7fa37a7fd000 ---p 00000000 00:00 0 
7fa37a7fd000-7fa37a801000 ---p 00000000 00:00 0 
7fa37a801000-7fa37a8fd000 rw-p 00000000 00:00 0 
7fa37a8fd000-7fa37a8fe000 ---p 00000000 00:00 0 
7fa37a8fe000-7fa37a902000 ---p 00000000 00:00 0 
7fa37a902000-7fa37a9fe000 rw-p 00000000 00:00 0 
7fa37a9fe000-7fa37a9ff000 ---p 00000000 00:00 0 
7fa37a9ff000-7fa37aa03000 ---p 00000000 00:00 0 
7fa37aa03000-7fa37aaff000 rw-p 00000000 00:00 0 
7fa37aaff000-7fa37ab00000 ---p 00000000 00:00 0 
7fa37ab00000-7fa37ab04000 ---p 00000000 00:00 0 
7fa37ab04000-7fa37ac00000 rw-p 00000000 00:00 0 
7fa37ac00000-7fa37ac53000 r-xp 00000000 fe:00 587                        /root/.gradle/native/100fb08df4bc3b14c8652ba06237920a3bd2aa13389f12d3474272988ae205f9/linux-amd64/libnative-platform-file-events.so
7fa37ac53000-7fa37ae52000 ---p 00053000 fe:00 587                        /root/.gradle/native/100fb08df4bc3b14c8652ba06237920a3bd2aa13389f12d3474272988ae205f9/linux-amd64/libnative-platform-file-events.so
7fa37ae52000-7fa37ae53000 r--p 00052000 fe:00 587                        /root/.gradle/native/100fb08df4bc3b14c8652ba06237920a3bd2aa13389f12d3474272988ae205f9/linux-amd64/libnative-platform-file-events.so
7fa37ae53000-7fa37ae55000 rw-p 00053000 fe:00 587                        /root/.gradle/native/100fb08df4bc3b14c8652ba06237920a3bd2aa13389f12d3474272988ae205f9/linux-amd64/libnative-platform-file-events.so
7fa37aeff000-7fa37af00000 ---p 00000000 00:00 0 
7fa37af00000-7fa37af04000 ---p 00000000 00:00 0 
7fa37af04000-7fa37b400000 rw-p 00000000 00:00 0 
7fa37b400000-7fa37b900000 rw-p 00000000 00:00 0 
7fa37b900000-7fa37ba00000 rw-p 00000000 00:00 0 
7fa37ba00000-7fa37c600000 rw-p 00000000 00:00 0 
7fa37c600000-7fa37c780000 rw-p 00000000 00:00 0 
7fa37c780000-7fa37c800000 rw-p 00000000 00:00 0 
7fa37c800000-7fa37c900000 rw-p 00000000 00:00 0 
7fa37c900000-7fa37ca00000 rw-p 00000000 00:00 0 
7fa37ca00000-7fa37cca0000 rw-p 00000000 00:00 0 
7fa37cca0000-7fa37f000000 ---p 00000000 00:00 0 
7fa37f000000-7fa37f455000 rw-p 00001000 00:25 13842                      /usr/lib/jvm/java-17-openjdk-amd64/lib/server/classes.jsa
7fa37f455000-7fa37fbca000 rw-p 00456000 00:25 13842                      /usr/lib/jvm/java-17-openjdk-amd64/lib/server/classes.jsa
7fa37fbca000-7fa380000000 ---p 00000000 00:00 0 
7fa380000000-7fa380040000 rw-p 00000000 00:00 0 
7fa380040000-7fa380080000 rw-p 00000000 00:00 0 
7fa380080000-7fa380140000 rw-p 00000000 00:00 0 
7fa380140000-7fa380180000 rw-p 00000000 00:00 0 
7fa380180000-7fa380430000 rw-p 00000000 00:00 0 
7fa380430000-7fa380440000 ---p 00000000 00:00 0 
7fa380440000-7fa3804d0000 rw-p 00000000 00:00 0 
7fa3804d0000-7fa3c0000000 ---p 00000000 00:00 0 
7fa3c0000000-7fa3c8000000 rw-p 00000000 00:00 0 
7fa3c8000000-7fa3c8021000 rw-p 00000000 00:00 0 
7fa3c8021000-7fa3cc000000 ---p 00000000 00:00 0 
7fa3cc0ff000-7fa3cc100000 ---p 00000000 00:00 0 
7fa3cc100000-7fa3cc104000 ---p 00000000 00:00 0 
7fa3cc104000-7fa3cc200000 rw-p 00000000 00:00 0 
7fa3cc200000-7fa3cc205000 r-xp 00000000 fe:00 576                        /root/.gradle/native/c067742578af261105cb4f569cf0c3c89f3d7b1fecec35dd04571415982c5e48/linux-amd64/libnative-platform.so
7fa3cc205000-7fa3cc405000 ---p 00005000 fe:00 576                        /root/.gradle/native/c067742578af261105cb4f569cf0c3c89f3d7b1fecec35dd04571415982c5e48/linux-amd64/libnative-platform.so
7fa3cc405000-7fa3cc406000 r--p 00005000 fe:00 576                        /root/.gradle/native/c067742578af261105cb4f569cf0c3c89f3d7b1fecec35dd04571415982c5e48/linux-amd64/libnative-platform.so
7fa3cc406000-7fa3cc407000 rw-p 00006000 fe:00 576                        /root/.gradle/native/c067742578af261105cb4f569cf0c3c89f3d7b1fecec35dd04571415982c5e48/linux-amd64/libnative-platform.so
7fa3cc467000-7fa3cc468000 r--p 00000000 00:25 13802                      /usr/lib/jvm/java-17-openjdk-amd64/lib/libextnet.so
7fa3cc468000-7fa3cc469000 r-xp 00001000 00:25 13802                      /usr/lib/jvm/java-17-openjdk-amd64/lib/libextnet.so
7fa3cc469000-7fa3cc46a000 r--p 00002000 00:25 13802                      /usr/lib/jvm/java-17-openjdk-amd64/lib/libextnet.so
7fa3cc46a000-7fa3cc46b000 r--p 00002000 00:25 13802                      /usr/lib/jvm/java-17-openjdk-amd64/lib/libextnet.so
7fa3cc46b000-7fa3cc46c000 rw-p 00003000 00:25 13802                      /usr/lib/jvm/java-17-openjdk-amd64/lib/libextnet.so
7fa3cc46c000-7fa3cc46d000 ---p 00000000 00:00 0 
7fa3cc46d000-7fa3cc56d000 rw-p 00000000 00:00 0 
7fa3cc56d000-7fa3cc56e000 ---p 00000000 00:00 0 
7fa3cc56e000-7fa3cc66e000 rw-p 00000000 00:00 0 
7fa3cc66e000-7fa3cc66f000 ---p 00000000 00:00 0 
7fa3cc66f000-7fa3cc673000 ---p 00000000 00:00 0 
7fa3cc673000-7fa3cc76f000 rw-p 00000000 00:00 0 
7fa3cc76f000-7fa3cc770000 ---p 00000000 00:00 0 
7fa3cc770000-7fa3cc774000 ---p 00000000 00:00 0 
7fa3cc774000-7fa3cc870000 rw-p 00000000 00:00 0 
7fa3cc870000-7fa3cc871000 ---p 00000000 00:00 0 
7fa3cc871000-7fa3cc875000 ---p 00000000 00:00 0 
7fa3cc875000-7fa3cc971000 rw-p 00000000 00:00 0 
7fa3cc971000-7fa3cc972000 ---p 00000000 00:00 0 
7fa3cc972000-7fa3cc976000 ---p 00000000 00:00 0 
7fa3cc976000-7fa3cca72000 rw-p 00000000 00:00 0 
7fa3cca72000-7fa3cca73000 ---p 00000000 00:00 0 
7fa3cca73000-7fa3cca77000 ---p 00000000 00:00 0 
7fa3cca77000-7fa3ccb73000 rw-p 00000000 00:00 0 
7fa3ccb73000-7fa3ccb74000 ---p 00000000 00:00 0 
7fa3ccb74000-7fa3ccb78000 ---p 00000000 00:00 0 
7fa3ccb78000-7fa3ccc74000 rw-p 00000000 00:00 0 
7fa3ccc74000-7fa3ccc75000 ---p 00000000 00:00 0 
7fa3ccc75000-7fa3ccc79000 ---p 00000000 00:00 0 
7fa3ccc79000-7fa3ccd75000 rw-p 00000000 00:00 0 
7fa3ccd75000-7fa3ccd76000 ---p 00000000 00:00 0 
7fa3ccd76000-7fa3ccd7a000 ---p 00000000 00:00 0 
7fa3ccd7a000-7fa3cce76000 rw-p 00000000 00:00 0 
7fa3cce76000-7fa3cce77000 ---p 00000000 00:00 0 
7fa3cce77000-7fa3cce7b000 ---p 00000000 00:00 0 
7fa3cce7b000-7fa3ccf77000 rw-p 00000000 00:00 0 
7fa3ccf77000-7fa3ccf78000 ---p 00000000 00:00 0 
7fa3ccf78000-7fa3ccf7c000 ---p 00000000 00:00 0 
7fa3ccf7c000-7fa3cd078000 rw-p 00000000 00:00 0 
7fa3cd078000-7fa3cd079000 ---p 00000000 00:00 0 
7fa3cd079000-7fa3cd179000 rw-p 00000000 00:00 0 
7fa3cd179000-7fa3cd17e000 r--p 00000000 00:25 13817                      /usr/lib/jvm/java-17-openjdk-amd64/lib/libjsvml.so
7fa3cd17e000-7fa3cd1bf000 r-xp 00005000 00:25 13817                      /usr/lib/jvm/java-17-openjdk-amd64/lib/libjsvml.so
7fa3cd1bf000-7fa3cd248000 r--p 00046000 00:25 13817                      /usr/lib/jvm/java-17-openjdk-amd64/lib/libjsvml.so
7fa3cd248000-7fa3cd249000 r--p 000ce000 00:25 13817                      /usr/lib/jvm/java-17-openjdk-amd64/lib/libjsvml.so
7fa3cd249000-7fa3cd24a000 rw-p 000cf000 00:25 13817                      /usr/lib/jvm/java-17-openjdk-amd64/lib/libjsvml.so
7fa3cd24a000-7fa3cd54d000 rw-p 00000000 00:00 0 
7fa3cd54d000-7fa3cde7d000 rwxp 00000000 00:00 0 
7fa3cde7d000-7fa3d4a85000 ---p 00000000 00:00 0 
7fa3d4a85000-7fa3d4cf5000 rwxp 00000000 00:00 0 
7fa3d4cf5000-7fa3d5014000 ---p 00000000 00:00 0 
7fa3d5014000-7fa3d53f4000 rwxp 00000000 00:00 0 
7fa3d53f4000-7fa3dc54d000 ---p 00000000 00:00 0 
7fa3dc54d000-7fa3e4000000 r--s 00000000 00:25 13833                      /usr/lib/jvm/java-17-openjdk-amd64/lib/modules
7fa3e4000000-7fa3e52ac000 rw-p 00000000 00:00 0 
7fa3e52ac000-7fa3e8000000 ---p 00000000 00:00 0 
7fa3e8000000-7fa3e8002000 r--p 00000000 00:25 13821                      /usr/lib/jvm/java-17-openjdk-amd64/lib/libmanagement_ext.so
7fa3e8002000-7fa3e8005000 r-xp 00002000 00:25 13821                      /usr/lib/jvm/java-17-openjdk-amd64/lib/libmanagement_ext.so
7fa3e8005000-7fa3e8006000 r--p 00005000 00:25 13821                      /usr/lib/jvm/java-17-openjdk-amd64/lib/libmanagement_ext.so
7fa3e8006000-7fa3e8007000 r--p 00006000 00:25 13821                      /usr/lib/jvm/java-17-openjdk-amd64/lib/libmanagement_ext.so
7fa3e8007000-7fa3e8008000 rw-p 00007000 00:25 13821                      /usr/lib/jvm/java-17-openjdk-amd64/lib/libmanagement_ext.so
7fa3e8008000-7fa3e8009000 r--p 00000000 00:25 18147                      /usr/lib/x86_64-linux-gnu/libpthread.so.0
7fa3e8009000-7fa3e800a000 r-xp 00001000 00:25 18147                      /usr/lib/x86_64-linux-gnu/libpthread.so.0
7fa3e800a000-7fa3e800b000 r--p 00002000 00:25 18147                      /usr/lib/x86_64-linux-gnu/libpthread.so.0
7fa3e800b000-7fa3e800c000 r--p 00002000 00:25 18147                      /usr/lib/x86_64-linux-gnu/libpthread.so.0
7fa3e800c000-7fa3e800d000 rw-p 00003000 00:25 18147                      /usr/lib/x86_64-linux-gnu/libpthread.so.0
7fa3e800d000-7fa3e8011000 r--p 00000000 00:25 13831                      /usr/lib/jvm/java-17-openjdk-amd64/lib/libverify.so
7fa3e8011000-7fa3e8018000 r-xp 00004000 00:25 13831                      /usr/lib/jvm/java-17-openjdk-amd64/lib/libverify.so
7fa3e8018000-7fa3e801a000 r--p 0000b000 00:25 13831                      /usr/lib/jvm/java-17-openjdk-amd64/lib/libverify.so
7fa3e801a000-7fa3e801c000 r--p 0000c000 00:25 13831                      /usr/lib/jvm/java-17-openjdk-amd64/lib/libverify.so
7fa3e801c000-7fa3e801d000 rw-p 0000e000 00:25 13831                      /usr/lib/jvm/java-17-openjdk-amd64/lib/libverify.so
7fa3e801d000-7fa3e8021000 r--p 00000000 00:25 13823                      /usr/lib/jvm/java-17-openjdk-amd64/lib/libnet.so
7fa3e8021000-7fa3e802f000 r-xp 00004000 00:25 13823                      /usr/lib/jvm/java-17-openjdk-amd64/lib/libnet.so
7fa3e802f000-7fa3e8033000 r--p 00012000 00:25 13823                      /usr/lib/jvm/java-17-openjdk-amd64/lib/libnet.so
7fa3e8033000-7fa3e8034000 r--p 00015000 00:25 13823                      /usr/lib/jvm/java-17-openjdk-amd64/lib/libnet.so
7fa3e8034000-7fa3e8035000 rw-p 00016000 00:25 13823                      /usr/lib/jvm/java-17-openjdk-amd64/lib/libnet.so
7fa3e8035000-7fa3e808c000 r--p 00000000 00:25 13882                      /usr/lib/locale/C.utf8/LC_CTYPE
7fa3e808c000-7fa3e87af000 rw-p 00000000 00:00 0 
7fa3e87b3000-7fa3e87b5000 r--p 00000000 00:25 13819                      /usr/lib/jvm/java-17-openjdk-amd64/lib/libmanagement.so
7fa3e87b5000-7fa3e87b6000 r-xp 00002000 00:25 13819                      /usr/lib/jvm/java-17-openjdk-amd64/lib/libmanagement.so
7fa3e87b6000-7fa3e87b7000 r--p 00003000 00:25 13819                      /usr/lib/jvm/java-17-openjdk-amd64/lib/libmanagement.so
7fa3e87b7000-7fa3e87b8000 r--p 00003000 00:25 13819                      /usr/lib/jvm/java-17-openjdk-amd64/lib/libmanagement.so
7fa3e87b8000-7fa3e87b9000 rw-p 00004000 00:25 13819                      /usr/lib/jvm/java-17-openjdk-amd64/lib/libmanagement.so
7fa3e87b9000-7fa3e87bf000 r--p 00000000 00:25 13824                      /usr/lib/jvm/java-17-openjdk-amd64/lib/libnio.so
7fa3e87bf000-7fa3e87c8000 r-xp 00006000 00:25 13824                      /usr/lib/jvm/java-17-openjdk-amd64/lib/libnio.so
7fa3e87c8000-7fa3e87cc000 r--p 0000f000 00:25 13824                      /usr/lib/jvm/java-17-openjdk-amd64/lib/libnio.so
7fa3e87cc000-7fa3e87cd000 r--p 00013000 00:25 13824                      /usr/lib/jvm/java-17-openjdk-amd64/lib/libnio.so
7fa3e87cd000-7fa3e87ce000 rw-p 00014000 00:25 13824                      /usr/lib/jvm/java-17-openjdk-amd64/lib/libnio.so
7fa3e87ce000-7fa3e87d0000 r--p 00000000 00:25 13832                      /usr/lib/jvm/java-17-openjdk-amd64/lib/libzip.so
7fa3e87d0000-7fa3e87d4000 r-xp 00002000 00:25 13832                      /usr/lib/jvm/java-17-openjdk-amd64/lib/libzip.so
7fa3e87d4000-7fa3e87d6000 r--p 00006000 00:25 13832                      /usr/lib/jvm/java-17-openjdk-amd64/lib/libzip.so
7fa3e87d6000-7fa3e87d7000 r--p 00007000 00:25 13832                      /usr/lib/jvm/java-17-openjdk-amd64/lib/libzip.so
7fa3e87d7000-7fa3e87d8000 rw-p 00008000 00:25 13832                      /usr/lib/jvm/java-17-openjdk-amd64/lib/libzip.so
7fa3e87d8000-7fa3e87d9000 r--p 00000000 00:25 13888                      /usr/lib/locale/C.utf8/LC_NUMERIC
7fa3e87d9000-7fa3e87da000 r--p 00000000 00:25 13891                      /usr/lib/locale/C.utf8/LC_TIME
7fa3e87da000-7fa3e87db000 r--p 00000000 00:25 13881                      /usr/lib/locale/C.utf8/LC_COLLATE
7fa3e87db000-7fa3e87dc000 r--p 00000000 00:25 13886                      /usr/lib/locale/C.utf8/LC_MONETARY
7fa3e87dc000-7fa3e87dd000 r--p 00000000 00:25 13885                      /usr/lib/locale/C.utf8/LC_MESSAGES/SYS_LC_MESSAGES
7fa3e87dd000-7fa3e87de000 r--p 00000000 00:25 13889                      /usr/lib/locale/C.utf8/LC_PAPER
7fa3e87de000-7fa3e87df000 r--p 00000000 00:25 13887                      /usr/lib/locale/C.utf8/LC_NAME
7fa3e87df000-7fa3e87e6000 r--s 00000000 00:25 17572                      /usr/lib/x86_64-linux-gnu/gconv/gconv-modules.cache
7fa3e87e6000-7fa3e9049000 rw-p 00000000 00:00 0 
7fa3e9049000-7fa3e958c000 ---p 00000000 00:00 0 
7fa3e958c000-7fa3e958d000 ---p 00000000 00:00 0 
7fa3e958d000-7fa3e96a0000 rw-p 00000000 00:00 0 
7fa3e96a0000-7fa3e9be2000 ---p 00000000 00:00 0 
7fa3e9be2000-7fa3e9cba000 rw-p 00000000 00:00 0 
7fa3e9cba000-7fa3e9e8d000 ---p 00000000 00:00 0 
7fa3e9e8d000-7fa3e9e96000 rw-p 00000000 00:00 0 
7fa3e9e96000-7fa3e9f79000 ---p 00000000 00:00 0 
7fa3e9f79000-7fa3e9f8c000 rw-p 00000000 00:00 0 
7fa3e9f8c000-7fa3ea064000 ---p 00000000 00:00 0 
7fa3ea064000-7fa3ea069000 rw-p 00000000 00:00 0 
7fa3ea069000-7fa3ea070000 ---p 00000000 00:00 0 
7fa3ea070000-7fa3ea078000 rw-s 00000000 fe:00 585                        /tmp/hsperfdata_root/345
7fa3ea078000-7fa3ea084000 r--p 00000000 00:25 13809                      /usr/lib/jvm/java-17-openjdk-amd64/lib/libjava.so
7fa3ea084000-7fa3ea095000 r-xp 0000c000 00:25 13809                      /usr/lib/jvm/java-17-openjdk-amd64/lib/libjava.so
7fa3ea095000-7fa3ea09b000 r--p 0001d000 00:25 13809                      /usr/lib/jvm/java-17-openjdk-amd64/lib/libjava.so
7fa3ea09b000-7fa3ea09c000 r--p 00022000 00:25 13809                      /usr/lib/jvm/java-17-openjdk-amd64/lib/libjava.so
7fa3ea09c000-7fa3ea09d000 rw-p 00023000 00:25 13809                      /usr/lib/jvm/java-17-openjdk-amd64/lib/libjava.so
7fa3ea09d000-7fa3ea09e000 rw-p 00000000 00:00 0 
7fa3ea09e000-7fa3ea09f000 r--p 00000000 00:25 13804                      /usr/lib/jvm/java-17-openjdk-amd64/lib/libinstrument.so
7fa3ea09f000-7fa3ea0a5000 r-xp 00001000 00:25 13804                      /usr/lib/jvm/java-17-openjdk-amd64/lib/libinstrument.so
7fa3ea0a5000-7fa3ea0a8000 r--p 00007000 00:25 13804                      /usr/lib/jvm/java-17-openjdk-amd64/lib/libinstrument.so
7fa3ea0a8000-7fa3ea0a9000 r--p 00009000 00:25 13804                      /usr/lib/jvm/java-17-openjdk-amd64/lib/libinstrument.so
7fa3ea0a9000-7fa3ea0aa000 rw-p 0000a000 00:25 13804                      /usr/lib/jvm/java-17-openjdk-amd64/lib/libinstrument.so
7fa3ea0aa000-7fa3ea0ac000 r--p 00000000 00:25 13813                      /usr/lib/jvm/java-17-openjdk-amd64/lib/libjimage.so
7fa3ea0ac000-7fa3ea0af000 r-xp 00002000 00:25 13813                      /usr/lib/jvm/java-17-openjdk-amd64/lib/libjimage.so
7fa3ea0af000-7fa3ea0b0000 r--p 00005000 00:25 13813                      /usr/lib/jvm/java-17-openjdk-amd64/lib/libjimage.so
7fa3ea0b0000-7fa3ea0b1000 r--p 00006000 00:25 13813                      /usr/lib/jvm/java-17-openjdk-amd64/lib/libjimage.so
7fa3ea0b1000-7fa3ea0b2000 rw-p 00007000 00:25 13813                      /usr/lib/jvm/java-17-openjdk-amd64/lib/libjimage.so
7fa3ea0b2000-7fa3ea0b6000 ---p 00000000 00:00 0 
7fa3ea0b6000-7fa3ea1b2000 rw-p 00000000 00:00 0 
7fa3ea1b2000-7fa3ea1b5000 r--p 00000000 00:25 17958                      /usr/lib/x86_64-linux-gnu/libgcc_s.so.1
7fa3ea1b5000-7fa3ea1cc000 r-xp 00003000 00:25 17958                      /usr/lib/x86_64-linux-gnu/libgcc_s.so.1
7fa3ea1cc000-7fa3ea1d0000 r--p 0001a000 00:25 17958                      /usr/lib/x86_64-linux-gnu/libgcc_s.so.1
7fa3ea1d0000-7fa3ea1d1000 r--p 0001d000 00:25 17958                      /usr/lib/x86_64-linux-gnu/libgcc_s.so.1
7fa3ea1d1000-7fa3ea1d2000 rw-p 0001e000 00:25 17958                      /usr/lib/x86_64-linux-gnu/libgcc_s.so.1
7fa3ea1d2000-7fa3ea1e2000 r--p 00000000 00:25 18057                      /usr/lib/x86_64-linux-gnu/libm.so.6
7fa3ea1e2000-7fa3ea256000 r-xp 00010000 00:25 18057                      /usr/lib/x86_64-linux-gnu/libm.so.6
7fa3ea256000-7fa3ea2b0000 r--p 00084000 00:25 18057                      /usr/lib/x86_64-linux-gnu/libm.so.6
7fa3ea2b0000-7fa3ea2b1000 r--p 000dd000 00:25 18057                      /usr/lib/x86_64-linux-gnu/libm.so.6
7fa3ea2b1000-7fa3ea2b2000 rw-p 000de000 00:25 18057                      /usr/lib/x86_64-linux-gnu/libm.so.6
7fa3ea2b2000-7fa3ea34b000 r--p 00000000 00:25 18224                      /usr/lib/x86_64-linux-gnu/libstdc++.so.6.0.30
7fa3ea34b000-7fa3ea44c000 r-xp 00099000 00:25 18224                      /usr/lib/x86_64-linux-gnu/libstdc++.so.6.0.30
7fa3ea44c000-7fa3ea4bb000 r--p 0019a000 00:25 18224                      /usr/lib/x86_64-linux-gnu/libstdc++.so.6.0.30
7fa3ea4bb000-7fa3ea4c6000 r--p 00209000 00:25 18224                      /usr/lib/x86_64-linux-gnu/libstdc++.so.6.0.30
7fa3ea4c6000-7fa3ea4c9000 rw-p 00214000 00:25 18224                      /usr/lib/x86_64-linux-gnu/libstdc++.so.6.0.30
7fa3ea4c9000-7fa3ea4cc000 rw-p 00000000 00:00 0 
7fa3ea4cc000-7fa3ea71d000 r--p 00000000 00:25 13845                      /usr/lib/jvm/java-17-openjdk-amd64/lib/server/libjvm.so
7fa3ea71d000-7fa3eb46f000 r-xp 00251000 00:25 13845                      /usr/lib/jvm/java-17-openjdk-amd64/lib/server/libjvm.so
7fa3eb46f000-7fa3eb6f0000 r--p 00fa3000 00:25 13845                      /usr/lib/jvm/java-17-openjdk-amd64/lib/server/libjvm.so
7fa3eb6f0000-7fa3eb7a8000 r--p 01224000 00:25 13845                      /usr/lib/jvm/java-17-openjdk-amd64/lib/server/libjvm.so
7fa3eb7a8000-7fa3eb7dd000 rw-p 012dc000 00:25 13845                      /usr/lib/jvm/java-17-openjdk-amd64/lib/server/libjvm.so
7fa3eb7dd000-7fa3eb839000 rw-p 00000000 00:00 0 
7fa3eb839000-7fa3eb85f000 r--p 00000000 00:25 17847                      /usr/lib/x86_64-linux-gnu/libc.so.6
7fa3eb85f000-7fa3eb9b5000 r-xp 00026000 00:25 17847                      /usr/lib/x86_64-linux-gnu/libc.so.6
7fa3eb9b5000-7fa3eba08000 r--p 0017c000 00:25 17847                      /usr/lib/x86_64-linux-gnu/libc.so.6
7fa3eba08000-7fa3eba0c000 r--p 001cf000 00:25 17847                      /usr/lib/x86_64-linux-gnu/libc.so.6
7fa3eba0c000-7fa3eba0e000 rw-p 001d3000 00:25 17847                      /usr/lib/x86_64-linux-gnu/libc.so.6
7fa3eba0e000-7fa3eba1b000 rw-p 00000000 00:00 0 
7fa3eba1b000-7fa3eba1d000 r--p 00000000 00:25 13814                      /usr/lib/jvm/java-17-openjdk-amd64/lib/libjli.so
7fa3eba1d000-7fa3eba26000 r-xp 00002000 00:25 13814                      /usr/lib/jvm/java-17-openjdk-amd64/lib/libjli.so
7fa3eba26000-7fa3eba29000 r--p 0000b000 00:25 13814                      /usr/lib/jvm/java-17-openjdk-amd64/lib/libjli.so
7fa3eba29000-7fa3eba2a000 r--p 0000d000 00:25 13814                      /usr/lib/jvm/java-17-openjdk-amd64/lib/libjli.so
7fa3eba2a000-7fa3eba2b000 rw-p 0000e000 00:25 13814                      /usr/lib/jvm/java-17-openjdk-amd64/lib/libjli.so
7fa3eba2b000-7fa3eba2e000 r--p 00000000 00:25 1006                       /usr/lib/x86_64-linux-gnu/libz.so.1.2.13
7fa3eba2e000-7fa3eba41000 r-xp 00003000 00:25 1006                       /usr/lib/x86_64-linux-gnu/libz.so.1.2.13
7fa3eba41000-7fa3eba48000 r--p 00016000 00:25 1006                       /usr/lib/x86_64-linux-gnu/libz.so.1.2.13
7fa3eba48000-7fa3eba49000 r--p 0001c000 00:25 1006                       /usr/lib/x86_64-linux-gnu/libz.so.1.2.13
7fa3eba49000-7fa3eba4a000 rw-p 0001d000 00:25 1006                       /usr/lib/x86_64-linux-gnu/libz.so.1.2.13
7fa3eba4a000-7fa3eba4b000 r--p 00000000 00:25 13880                      /usr/lib/locale/C.utf8/LC_ADDRESS
7fa3eba4b000-7fa3eba4c000 r--p 00000000 00:25 13890                      /usr/lib/locale/C.utf8/LC_TELEPHONE
7fa3eba4c000-7fa3eba4d000 r--p 00000000 00:25 13884                      /usr/lib/locale/C.utf8/LC_MEASUREMENT
7fa3eba4d000-7fa3eba4e000 r--p 00000000 00:25 13883                      /usr/lib/locale/C.utf8/LC_IDENTIFICATION
7fa3eba4e000-7fa3eba4f000 ---p 00000000 00:00 0 
7fa3eba4f000-7fa3eba50000 r--p 00000000 00:00 0 
7fa3eba50000-7fa3eba51000 ---p 00000000 00:00 0 
7fa3eba51000-7fa3eba53000 rw-p 00000000 00:00 0 
7fa3eba53000-7fa3eba54000 r--p 00000000 00:25 17633                      /usr/lib/x86_64-linux-gnu/ld-linux-x86-64.so.2
7fa3eba54000-7fa3eba7a000 r-xp 00001000 00:25 17633                      /usr/lib/x86_64-linux-gnu/ld-linux-x86-64.so.2
7fa3eba7a000-7fa3eba84000 r--p 00027000 00:25 17633                      /usr/lib/x86_64-linux-gnu/ld-linux-x86-64.so.2
7fa3eba84000-7fa3eba86000 r--p 00031000 00:25 17633                      /usr/lib/x86_64-linux-gnu/ld-linux-x86-64.so.2
7fa3eba86000-7fa3eba88000 rw-p 00033000 00:25 17633                      /usr/lib/x86_64-linux-gnu/ld-linux-x86-64.so.2
7ffddcf40000-7ffddcf61000 rw-p 00000000 00:00 0                          [stack]
7ffddcf88000-7ffddcf8b000 r--p 00000000 00:00 0                          [vvar]
7ffddcf8b000-7ffddcf8d000 r-xp 00000000 00:00 0                          [vdso]
ffffffffff600000-ffffffffff601000 r-xp 00000000 00:00 0                  [vsyscall]


VM Arguments:
jvm_args: -XX:+UseParallelGC --add-opens=java.base/java.util=ALL-UNNAMED --add-opens=java.base/java.lang=ALL-UNNAMED --add-opens=java.base/java.lang.invoke=ALL-UNNAMED --add-opens=java.prefs/java.util.prefs=ALL-UNNAMED --add-opens=java.base/java.nio.charset=ALL-UNNAMED --add-opens=java.base/java.net=ALL-UNNAMED --add-opens=java.base/java.util.concurrent.atomic=ALL-UNNAMED -Xmx4096m -Dfile.encoding=UTF-8 -Duser.country -Duser.language=en -Duser.variant -javaagent:/root/.gradle/wrapper/dists/gradle-8.8-bin/dl7vupf4psengwqhwktix4v1/gradle-8.8/lib/agents/gradle-instrumentation-agent-8.8.jar 
java_command: org.gradle.launcher.daemon.bootstrap.GradleDaemon 8.8
java_class_path (initial): /root/.gradle/wrapper/dists/gradle-8.8-bin/dl7vupf4psengwqhwktix4v1/gradle-8.8/lib/gradle-launcher-8.8.jar
Launcher Type: SUN_STANDARD

[Global flags]
     intx CICompilerCount                          = 2                                         {product} {ergonomic}
   size_t InitialHeapSize                          = 16777216                                  {product} {ergonomic}
   size_t MaxHeapSize                              = 4294967296                                {product} {command line}
   size_t MaxNewSize                               = 1431306240                                {product} {ergonomic}
   size_t MinHeapDeltaBytes                        = 524288                                    {product} {ergonomic}
   size_t MinHeapSize                              = 8388608                                   {product} {ergonomic}
   size_t NewSize                                  = 5242880                                   {product} {ergonomic}
    uintx NonNMethodCodeHeapSize                   = 5826188                                {pd product} {ergonomic}
    uintx NonProfiledCodeHeapSize                  = 122916026                              {pd product} {ergonomic}
   size_t OldSize                                  = 11534336                                  {product} {ergonomic}
    uintx ProfiledCodeHeapSize                     = 122916026                              {pd product} {ergonomic}
    uintx ReservedCodeCacheSize                    = 251658240                              {pd product} {ergonomic}
     bool SegmentedCodeCache                       = true                                      {product} {ergonomic}
   size_t SoftMaxHeapSize                          = 4294967296                             {manageable} {ergonomic}
     bool UseCompressedClassPointers               = true                           {product lp64_product} {ergonomic}
     bool UseCompressedOops                        = true                           {product lp64_product} {ergonomic}
     bool UseParallelGC                            = true                                      {product} {command line}

Logging:
Log output configuration:
 #0: stdout all=warning uptime,level,tags
 #1: stderr all=off uptime,level,tags

Environment Variables:
PATH=/usr/local/sbin:/usr/local/bin:/usr/sbin:/usr/bin:/sbin:/bin
SHELL=/bin/bash
LANG=C.UTF-8
LC_ALL=C.UTF-8
TERM=tmux-256color

Active Locale:
LC_ALL=C.UTF-8
LC_COLLATE=C.UTF-8
LC_CTYPE=C.UTF-8
LC_MESSAGES=C.UTF-8
LC_MONETARY=C.UTF-8
LC_NUMERIC=C.UTF-8
LC_TIME=C.UTF-8

Signal Handlers:
   SIGSEGV: crash_handler in libjvm.so, mask=11100100010111111101111111111110, flags=SA_RESTART|SA_SIGINFO, unblocked
    SIGBUS: crash_handler in libjvm.so, mask=11100100010111111101111111111110, flags=SA_RESTART|SA_SIGINFO, unblocked
    SIGFPE: crash_handler in libjvm.so, mask=11100100010111111101111111111110, flags=SA_RESTART|SA_SIGINFO, unblocked
   SIGPIPE: javaSignalHandler in libjvm.so, mask=11100100010111111101111111111110, flags=SA_RESTART|SA_SIGINFO, unblocked
   SIGXFSZ: javaSignalHandler in libjvm.so, mask=11100100010111111101111111111110, flags=SA_RESTART|SA_SIGINFO, unblocked
    SIGILL: crash_handler in libjvm.so, mask=11100100010111111101111111111110, flags=SA_RESTART|SA_SIGINFO, unblocked
   SIGUSR2: SR_handler in libjvm.so, mask=00100000000000000000000000000000, flags=SA_RESTART|SA_SIGINFO, unblocked
    SIGHUP: UserHandler in libjvm.so, mask=11100100010111111101111111111110, flags=SA_RESTART|SA_SIGINFO, unblocked
    SIGINT: UserHandler in libjvm.so, mask=11100100010111111101111111111110, flags=SA_RESTART|SA_SIGINFO, unblocked
   SIGTERM: UserHandler in libjvm.so, mask=11100100010111111101111111111110, flags=SA_RESTART|SA_SIGINFO, unblocked
   SIGQUIT: UserHandler in libjvm.so, mask=11100100010111111101111111111110, flags=SA_RESTART|SA_SIGINFO, unblocked
   SIGTRAP: crash_handler in libjvm.so, mask=11100100010111111101111111111110, flags=SA_RESTART|SA_SIGINFO, unblocked


Periodic native trim disabled


---------------  S Y S T E M  ---------------

OS:
PRETTY_NAME="Debian GNU/Linux 12 (bookworm)"
NAME="Debian GNU/Linux"
VERSION_ID="12"
VERSION="12 (bookworm)"
VERSION_CODENAME=bookworm
ID=debian
HOME_URL="https://www.debian.org/"
SUPPORT_URL="https://www.debian.org/support"
BUG_REPORT_URL="https://bugs.debian.org/"
uname: Linux 4.19.91-c8dfc93.al7.x86_64 #1 SMP Tue Sep 26 10:25:51 UTC 2023 x86_64
OS uptime: 0 days 0:02 hours
libc: glibc 2.36 NPTL 2.36 
rlimit (soft/hard): STACK 8192k/infinity , CORE 0k/0k , NPROC 100000/100000 , NOFILE 100000/100000 , AS infinity/infinity , CPU infinity/infinity , DATA infinity/infinity , FSIZE infinity/infinity , MEMLOCK 64k/64k
load average: 2.17 0.75 0.27

/proc/meminfo:
MemTotal:        1083460 kB
MemFree:           29252 kB
MemAvailable:       7548 kB
Buffers:             148 kB
Cached:            15116 kB
SwapCached:            0 kB
Active:           994392 kB
Inactive:           9712 kB
Active(anon):     988964 kB
Inactive(anon):       20 kB
Active(file):       5428 kB
Inactive(file):     9692 kB
Unevictable:           0 kB
Mlocked:               0 kB
SwapTotal:             0 kB
SwapFree:              0 kB
Dirty:                48 kB
Writeback:             0 kB
AnonPages:        988948 kB
Mapped:             9628 kB
Shmem:                36 kB
Slab:              20140 kB
SReclaimable:       9000 kB
SUnreclaim:        11140 kB
KernelStack:        2208 kB
PageTables:         3300 kB
NFS_Unstable:          0 kB
Bounce:                0 kB
WritebackTmp:          0 kB
CommitLimit:      541728 kB
Committed_AS:    1281736 kB
VmallocTotal:   34359738367 kB
VmallocUsed:           0 kB
VmallocChunk:          0 kB
Percpu:              384 kB
AnonHugePages:    198656 kB
ShmemHugePages:        0 kB
ShmemPmdMapped:        0 kB
HugePages_Total:       0
HugePages_Free:        0
HugePages_Rsvd:        0
HugePages_Surp:        0
Hugepagesize:       2048 kB
Hugetlb:               0 kB
DirectMap4k:        8192 kB
DirectMap2M:     1474560 kB
DirectMap1G:           0 kB

/sys/kernel/mm/transparent_hugepage/enabled: [always] madvise never
/sys/kernel/mm/transparent_hugepage/hpage_pmd_size: 2097152
/sys/kernel/mm/transparent_hugepage/defrag (defrag/compaction efforts parameter): always defer defer+madvise madvise [never]

Process Memory:
Virtual Size: 6942196K (peak: 7052228K)
Resident Set Size: 650724K (peak: 650724K) (anon: 647104K, file: 3620K, shmem: 0K)
Swapped out: 0K
C-Heap outstanding allocations: 74878K, retained: 63853K
glibc malloc tunables: (default)

/proc/sys/kernel/threads-max (system-wide limit on the number of threads): 1129
/proc/sys/vm/max_map_count (maximum number of memory map areas a process may have): 65530
/proc/sys/vm/swappiness (control to define how aggressively the kernel swaps out anonymous memory): 60
/proc/sys/kernel/pid_max (system-wide limit on number of process identifiers): 32768

container (cgroup) information:
container_type: cgroupv1
cpu_cpuset_cpus: 0-1
cpu_memory_nodes: 0
active_processor_count: 2
cpu_quota: no quota
cpu_period: 100000
cpu_shares: 6146
memory_limit_in_bytes: 1048576 k
memory_and_swap_limit_in_bytes: unlimited
memory_soft_limit_in_bytes: unlimited
memory_usage_in_bytes: 1011356 k
memory_max_usage_in_bytes: 1013384 k
kernel_memory_limit_in_bytes: unlimited
kernel_memory_usage_in_bytes: 13476 k
kernel_memory_max_usage_in_bytes: 34328 k
maximum number of tasks: unlimited
current number of tasks: 63

KVM virtualization detected
Steal ticks since vm start: 10818
Steal ticks percentage since vm start:  0.705

CPU: total 2 (initial active 2) (2 cores per cpu, 1 threads per core) family 6 model 85 stepping 7 microcode 0x1, cx8, cmov, fxsr, mmx, 3dnowpref, sse, sse2, sse3, ssse3, sse4.1, sse4.2, popcnt, lzcnt, tsc, tscinvbit, avx, avx2, aes, erms, clmul, bmi1, bmi2, adx, avx512f, avx512dq, avx512cd, avx512bw, avx512vl, fma, vzeroupper, avx512_vnni, clflush, clflushopt, clwb, hv
CPU Model and flags from /proc/cpuinfo:
model name	: Intel(R) Xeon(R) Processor @ 2.50GHz
flags		: fpu vme de pse tsc msr pae mce cx8 apic sep mtrr pge mca cmov pat pse36 clflush mmx fxsr sse sse2 ss ht syscall nx pdpe1gb rdtscp lm constant_tsc rep_good nopl xtopology nonstop_tsc cpuid tsc_known_freq pni pclmulqdq ssse3 fma cx16 pcid sse4_1 sse4_2 x2apic movbe popcnt tsc_deadline_timer aes xsave avx f16c rdrand hypervisor lahf_lm abm 3dnowprefetch cpuid_fault invpcid_single ssbd ibrs ibpb stibp ibrs_enhanced fsgsbase tsc_adjust bmi1 avx2 smep bmi2 erms invpcid mpx avx512f avx512dq rdseed adx smap clflushopt clwb avx512cd avx512bw avx512vl xsaveopt xsavec xgetbv1 xsaves umip avx512_vnni md_clear arch_capabilities

Online cpus: 0-1
Offline cpus: 
BIOS frequency limitation: <Not Available>
Frequency switch latency (ns): <Not Available>
Available cpu frequencies: <Not Available>
Current governor: <Not Available>
Core performance/turbo boost: <Not Available>

Memory: 4k page, physical 1048576k(37220k free), swap 0k(0k free)
Page Sizes: 4k

vm_info: OpenJDK 64-Bit Server VM (17.0.16+8-Debian-1deb12u1) for linux-amd64 JRE (17.0.16+8-Debian-1deb12u1), built on Aug 11 2025 10:28:33 by "buildd" with gcc 12.2.0

END.
